#
# There is insufficient memory for the Java Runtime Environment to continue.
# Native memory allocation (malloc) failed to allocate 1288256 bytes for Chunk::new
# Possible reasons:
#   The system is out of physical RAM or swap space
#   The process is running with CompressedOops enabled, and the Java Heap may be blocking the growth of the native heap
# Possible solutions:
#   Reduce memory load on the system
#   Increase physical memory or swap space
#   Check if swap backing store is full
#   Decrease Java heap size (-Xmx/-Xms)
#   Decrease number of Java threads
#   Decrease Java thread stack sizes (-Xss)
#   Set larger code cache with -XX:ReservedCodeCacheSize=
#   JVM is running with Unscaled Compressed Oops mode in which the Java heap is
#     placed in the first 4GB address space. The Java Heap base address is the
#     maximum limit for the native heap growth. Please use -XX:HeapBaseMinAddress
#     to set the Java Heap base and to place the Java Heap above 4GB virtual address.
# This output file may be truncated or incomplete.
#
#  Out of Memory Error (src/hotspot/share/memory/arena.cpp:197), pid=14048, tid=17304
#
# JRE version: OpenJDK Runtime Environment (11.0.15) (build 11.0.15+0-b2043.56-9505619)
# Java VM: OpenJDK 64-Bit Server VM (11.0.15+0-b2043.56-9505619, mixed mode, tiered, compressed oops, g1 gc, windows-amd64)
# No core dump will be written. Minidumps are not enabled by default on client versions of Windows
#

---------------  S U M M A R Y ------------

Command Line: --add-opens=java.base/java.util=ALL-UNNAMED --add-opens=java.base/java.lang=ALL-UNNAMED --add-opens=java.base/java.lang.invoke=ALL-UNNAMED --add-opens=java.base/java.util=ALL-UNNAMED --add-opens=java.prefs/java.util.prefs=ALL-UNNAMED --add-opens=java.prefs/java.util.prefs=ALL-UNNAMED --add-opens=java.base/java.nio.charset=ALL-UNNAMED --add-opens=java.base/java.net=ALL-UNNAMED --add-opens=java.base/java.util.concurrent.atomic=ALL-UNNAMED -Xmx2048m -Dfile.encoding=UTF-8 -Duser.country=RU -Duser.language=ru -Duser.variant org.gradle.launcher.daemon.bootstrap.GradleDaemon 7.5

Host: Intel(R) Core(TM) i3-6006U CPU @ 2.00GHz, 4 cores, 15G,  Windows 10 , 64 bit Build 19041 (10.0.19041.4842)
Time: Sun Sep 29 20:03:19 2024 RTZ 2 (s 10 , 64 bit Build 19041 (10.0.19041.4842) elapsed time: 2663.997887 seconds (0d 0h 44m 23s)

---------------  T H R E A D  ---------------

Current thread (0x000001e4bacd3800):  JavaThread "C2 CompilerThread0" daemon [_thread_in_native, id=17304, stack(0x0000008128200000,0x0000008128300000)]


Current CompileTask:
C2:2663998 22656       4       com.android.tools.r8.internal.jO::a (447 bytes)

Stack: [0x0000008128200000,0x0000008128300000]
Native frames: (J=compiled Java code, j=interpreted, Vv=VM code, C=native code)
V  [jvm.dll+0x64135a]
V  [jvm.dll+0x7d39f9]
V  [jvm.dll+0x7d51b9]
V  [jvm.dll+0x7d58a3]
V  [jvm.dll+0x2691c5]
V  [jvm.dll+0xc1a5c]
V  [jvm.dll+0xc200c]
V  [jvm.dll+0x2da2c2]
V  [jvm.dll+0x54cad9]
V  [jvm.dll+0x220c9d]
V  [jvm.dll+0x223024]
V  [jvm.dll+0x220384]
V  [jvm.dll+0x19e851]
V  [jvm.dll+0x230479]
V  [jvm.dll+0x22e5ef]
V  [jvm.dll+0x794de1]
V  [jvm.dll+0x78dc24]
V  [jvm.dll+0x6400f6]
C  [ucrtbase.dll+0x21bb2]
C  [KERNEL32.DLL+0x17374]
C  [ntdll.dll+0x4cc91]


---------------  P R O C E S S  ---------------

Threads class SMR info:
_java_thread_list=0x000001e4c4241d20, length=85, elements={
0x000001e4a07df800, 0x000001e4bac6c000, 0x000001e4bac6d800, 0x000001e4bacce000,
0x000001e4baccf000, 0x000001e4bacd0000, 0x000001e4bacd3800, 0x000001e4bad3e000,
0x000001e4bad41000, 0x000001e4bae45800, 0x000001e4bd405800, 0x000001e4bc1c7000,
0x000001e4bc7bd800, 0x000001e4bbd0c000, 0x000001e4bc5f7000, 0x000001e4bb4fb000,
0x000001e4bb4f7000, 0x000001e4bb4f6800, 0x000001e4bb4f8000, 0x000001e4bb4f8800,
0x000001e4bb4fa800, 0x000001e4bb4f9800, 0x000001e4bd63c800, 0x000001e4bd641000,
0x000001e4bd5c4800, 0x000001e4c3003800, 0x000001e4c3001000, 0x000001e4c3007800,
0x000001e4c3005800, 0x000001e4c3006000, 0x000001e4c3004800, 0x000001e4c3002000,
0x000001e4c300a000, 0x000001e4c3007000, 0x000001e4c300c800, 0x000001e4c3009800,
0x000001e4c300e800, 0x000001e4c300b000, 0x000001e4c300c000, 0x000001e4c300d800,
0x000001e4c3008800, 0x000001e4c3010000, 0x000001e4c300f000, 0x000001e4bd5c1800,
0x000001e4bd5c2800, 0x000001e4bd5c3000, 0x000001e4bd5c0800, 0x000001e4bd5c4000,
0x000001e4bd5be000, 0x000001e4bd5c0000, 0x000001e4bd5bf000, 0x000001e4bd5c9000,
0x000001e4bd5c7000, 0x000001e4bd5c9800, 0x000001e4bd5c8000, 0x000001e4bd5c6800,
0x000001e4bd5ca800, 0x000001e4bd5cb800, 0x000001e4bd5c5800, 0x000001e4bd5cc000,
0x000001e4bd63f800, 0x000001e4bd640800, 0x000001e4bd642000, 0x000001e4bd643800,
0x000001e4bd63e000, 0x000001e4bd64a000, 0x000001e4bd644800, 0x000001e4bd646000,
0x000001e4bd647000, 0x000001e4bd64b000, 0x000001e4bd648800, 0x000001e4bd645800,
0x000001e4bd647800, 0x000001e4bd649800, 0x000001e4bb4f5800, 0x000001e4bb4fc000,
0x000001e4c5381800, 0x000001e4c537d000, 0x000001e4c5383000, 0x000001e4c537e000,
0x000001e4c537f000, 0x000001e4c5385800, 0x000001e4c537f800, 0x000001e4c5383800,
0x000001e4c16a6000
}

Java Threads: ( => current thread )
  0x000001e4a07df800 JavaThread "main" [_thread_blocked, id=5636, stack(0x0000008127600000,0x0000008127700000)]
  0x000001e4bac6c000 JavaThread "Reference Handler" daemon [_thread_blocked, id=10588, stack(0x0000008127d00000,0x0000008127e00000)]
  0x000001e4bac6d800 JavaThread "Finalizer" daemon [_thread_blocked, id=11192, stack(0x0000008127e00000,0x0000008127f00000)]
  0x000001e4bacce000 JavaThread "Signal Dispatcher" daemon [_thread_blocked, id=10852, stack(0x0000008127f00000,0x0000008128000000)]
  0x000001e4baccf000 JavaThread "Attach Listener" daemon [_thread_blocked, id=10836, stack(0x0000008128000000,0x0000008128100000)]
  0x000001e4bacd0000 JavaThread "Service Thread" daemon [_thread_blocked, id=14720, stack(0x0000008128100000,0x0000008128200000)]
=>0x000001e4bacd3800 JavaThread "C2 CompilerThread0" daemon [_thread_in_native, id=17304, stack(0x0000008128200000,0x0000008128300000)]
  0x000001e4bad3e000 JavaThread "C1 CompilerThread0" daemon [_thread_blocked, id=9236, stack(0x0000008128300000,0x0000008128400000)]
  0x000001e4bad41000 JavaThread "Sweeper thread" daemon [_thread_blocked, id=18000, stack(0x0000008128400000,0x0000008128500000)]
  0x000001e4bae45800 JavaThread "Common-Cleaner" daemon [_thread_blocked, id=13756, stack(0x0000008128500000,0x0000008128600000)]
  0x000001e4bd405800 JavaThread "Daemon health stats" [_thread_blocked, id=13272, stack(0x0000008128a00000,0x0000008128b00000)]
  0x000001e4bc1c7000 JavaThread "Incoming local TCP Connector on port 54897" [_thread_in_native, id=7876, stack(0x0000008128b00000,0x0000008128c00000)]
  0x000001e4bc7bd800 JavaThread "Daemon periodic checks" [_thread_blocked, id=17716, stack(0x0000008128d00000,0x0000008128e00000)]
  0x000001e4bbd0c000 JavaThread "Cache worker for journal cache (D:\Android\GRADLE\USER\caches\journal-1)" [_thread_blocked, id=6792, stack(0x0000008129400000,0x0000008129500000)]
  0x000001e4bc5f7000 JavaThread "File lock request listener" [_thread_in_native, id=1812, stack(0x0000008129500000,0x0000008129600000)]
  0x000001e4bb4fb000 JavaThread "Cache worker for file hash cache (D:\Android\GRADLE\USER\caches\7.5\fileHashes)" [_thread_blocked, id=17052, stack(0x0000008129600000,0x0000008129700000)]
  0x000001e4bb4f7000 JavaThread "File watcher server" daemon [_thread_in_native, id=13924, stack(0x0000008129800000,0x0000008129900000)]
  0x000001e4bb4f6800 JavaThread "File watcher consumer" daemon [_thread_blocked, id=17744, stack(0x0000008129900000,0x0000008129a00000)]
  0x000001e4bb4f8000 JavaThread "jar transforms" [_thread_blocked, id=10124, stack(0x0000008129a00000,0x0000008129b00000)]
  0x000001e4bb4f8800 JavaThread "jar transforms Thread 2" [_thread_blocked, id=5096, stack(0x0000008129b00000,0x0000008129c00000)]
  0x000001e4bb4fa800 JavaThread "jar transforms Thread 3" [_thread_blocked, id=15892, stack(0x0000008129c00000,0x0000008129d00000)]
  0x000001e4bb4f9800 JavaThread "jar transforms Thread 4" [_thread_blocked, id=14692, stack(0x0000008129d00000,0x0000008129e00000)]
  0x000001e4bd63c800 JavaThread "Cache worker for file content cache (D:\Android\GRADLE\USER\caches\7.5\fileContent)" [_thread_blocked, id=18280, stack(0x0000008129f00000,0x000000812a000000)]
  0x000001e4bd641000 JavaThread "Cache worker for execution history cache (D:\Android\GRADLE\USER\caches\7.5\executionHistory)" [_thread_blocked, id=11448, stack(0x000000812a200000,0x000000812a300000)]
  0x000001e4bd5c4800 JavaThread "Memory manager" [_thread_blocked, id=16012, stack(0x000000812cf00000,0x000000812d000000)]
  0x000001e4c3003800 JavaThread "Daemon Thread 2" [_thread_blocked, id=16708, stack(0x0000008127300000,0x0000008127400000)]
  0x000001e4c3001000 JavaThread "Handler for socket connection from /127.0.0.1:54897 to /127.0.0.1:60901" [_thread_in_native, id=11920, stack(0x0000008127400000,0x0000008127500000)]
  0x000001e4c3007800 JavaThread "Cancel handler" [_thread_blocked, id=15320, stack(0x0000008127500000,0x0000008127600000)]
  0x000001e4c3005800 JavaThread "Daemon worker Thread 2" [_thread_blocked, id=3200, stack(0x0000008128c00000,0x0000008128d00000)]
  0x000001e4c3006000 JavaThread "Asynchronous log dispatcher for DefaultDaemonConnection: socket connection from /127.0.0.1:54897 to /127.0.0.1:60901" [_thread_blocked, id=16896, stack(0x0000008128e00000,0x0000008128f00000)]
  0x000001e4c3004800 JavaThread "Stdin handler" [_thread_blocked, id=17804, stack(0x0000008128f00000,0x0000008129000000)]
  0x000001e4c3002000 JavaThread "Daemon client event forwarder" [_thread_blocked, id=10456, stack(0x0000008129000000,0x0000008129100000)]
  0x000001e4c300a000 JavaThread "Cache worker for checksums cache (D:\Android\Projects\SpeechToText\.gradle\7.5\checksums)" [_thread_blocked, id=16668, stack(0x0000008129200000,0x0000008129300000)]
  0x000001e4c3007000 JavaThread "Cache worker for cache directory md-rule (D:\Android\GRADLE\USER\caches\7.5\md-rule)" [_thread_blocked, id=8048, stack(0x0000008129300000,0x0000008129400000)]
  0x000001e4c300c800 JavaThread "Cache worker for file hash cache (D:\Android\Projects\SpeechToText\.gradle\7.5\fileHashes)" [_thread_blocked, id=15776, stack(0x0000008129700000,0x0000008129800000)]
  0x000001e4c3009800 JavaThread "Cache worker for cache directory md-supplier (D:\Android\GRADLE\USER\caches\7.5\md-supplier)" [_thread_blocked, id=13856, stack(0x0000008129e00000,0x0000008129f00000)]
  0x000001e4c300e800 JavaThread "Cache worker for dependencies-accessors (D:\Android\Projects\SpeechToText\.gradle\7.5\dependencies-accessors)" [_thread_blocked, id=10072, stack(0x000000812a000000,0x000000812a100000)]
  0x000001e4c300b000 JavaThread "Cache worker for Build Output Cleanup Cache (D:\Android\Projects\SpeechToText\.gradle\buildOutputCleanup)" [_thread_blocked, id=13412, stack(0x0000008129100000,0x0000008129200000)]
  0x000001e4c300c000 JavaThread "Unconstrained build operations" [_thread_blocked, id=16052, stack(0x000000812a400000,0x000000812a500000)]
  0x000001e4c300d800 JavaThread "Unconstrained build operations Thread 2" [_thread_blocked, id=17512, stack(0x000000812a500000,0x000000812a600000)]
  0x000001e4c3008800 JavaThread "Unconstrained build operations Thread 3" [_thread_blocked, id=15896, stack(0x000000812a600000,0x000000812a700000)]
  0x000001e4c3010000 JavaThread "Unconstrained build operations Thread 4" [_thread_blocked, id=7784, stack(0x000000812a700000,0x000000812a800000)]
  0x000001e4c300f000 JavaThread "Unconstrained build operations Thread 5" [_thread_blocked, id=1932, stack(0x000000812a800000,0x000000812a900000)]
  0x000001e4bd5c1800 JavaThread "Unconstrained build operations Thread 6" [_thread_blocked, id=1896, stack(0x000000812a900000,0x000000812aa00000)]
  0x000001e4bd5c2800 JavaThread "Unconstrained build operations Thread 7" [_thread_blocked, id=17752, stack(0x000000812aa00000,0x000000812ab00000)]
  0x000001e4bd5c3000 JavaThread "Unconstrained build operations Thread 8" [_thread_blocked, id=124, stack(0x000000812ab00000,0x000000812ac00000)]
  0x000001e4bd5c0800 JavaThread "Unconstrained build operations Thread 9" [_thread_blocked, id=17292, stack(0x000000812ac00000,0x000000812ad00000)]
  0x000001e4bd5c4000 JavaThread "Unconstrained build operations Thread 10" [_thread_blocked, id=10392, stack(0x000000812ad00000,0x000000812ae00000)]
  0x000001e4bd5be000 JavaThread "Unconstrained build operations Thread 11" [_thread_blocked, id=2640, stack(0x000000812ae00000,0x000000812af00000)]
  0x000001e4bd5c0000 JavaThread "Unconstrained build operations Thread 12" [_thread_blocked, id=10520, stack(0x000000812af00000,0x000000812b000000)]
  0x000001e4bd5bf000 JavaThread "Unconstrained build operations Thread 13" [_thread_in_vm, id=7152, stack(0x000000812b000000,0x000000812b100000)]
  0x000001e4bd5c9000 JavaThread "Unconstrained build operations Thread 14" [_thread_blocked, id=1552, stack(0x000000812b100000,0x000000812b200000)]
  0x000001e4bd5c7000 JavaThread "Unconstrained build operations Thread 15" [_thread_blocked, id=3608, stack(0x000000812b200000,0x000000812b300000)]
  0x000001e4bd5c9800 JavaThread "Unconstrained build operations Thread 16" [_thread_blocked, id=9716, stack(0x000000812b300000,0x000000812b400000)]
  0x000001e4bd5c8000 JavaThread "Unconstrained build operations Thread 17" [_thread_blocked, id=18200, stack(0x000000812b400000,0x000000812b500000)]
  0x000001e4bd5c6800 JavaThread "Unconstrained build operations Thread 18" [_thread_blocked, id=6532, stack(0x000000812b500000,0x000000812b600000)]
  0x000001e4bd5ca800 JavaThread "Unconstrained build operations Thread 19" [_thread_blocked, id=6596, stack(0x000000812b600000,0x000000812b700000)]
  0x000001e4bd5cb800 JavaThread "Unconstrained build operations Thread 20" [_thread_blocked, id=16404, stack(0x000000812b700000,0x000000812b800000)]
  0x000001e4bd5c5800 JavaThread "Unconstrained build operations Thread 21" [_thread_blocked, id=17428, stack(0x000000812b800000,0x000000812b900000)]
  0x000001e4bd5cc000 JavaThread "Unconstrained build operations Thread 22" [_thread_blocked, id=15868, stack(0x000000812b900000,0x000000812ba00000)]
  0x000001e4bd63f800 JavaThread "Unconstrained build operations Thread 23" [_thread_blocked, id=7148, stack(0x000000812ba00000,0x000000812bb00000)]
  0x000001e4bd640800 JavaThread "Unconstrained build operations Thread 24" [_thread_blocked, id=7272, stack(0x000000812bb00000,0x000000812bc00000)]
  0x000001e4bd642000 JavaThread "Unconstrained build operations Thread 25" [_thread_blocked, id=9308, stack(0x000000812bc00000,0x000000812bd00000)]
  0x000001e4bd643800 JavaThread "Unconstrained build operations Thread 26" [_thread_blocked, id=2688, stack(0x000000812bd00000,0x000000812be00000)]
  0x000001e4bd63e000 JavaThread "Unconstrained build operations Thread 27" [_thread_in_Java, id=15348, stack(0x000000812be00000,0x000000812bf00000)]
  0x000001e4bd64a000 JavaThread "Unconstrained build operations Thread 28" [_thread_blocked, id=12036, stack(0x000000812bf00000,0x000000812c000000)]
  0x000001e4bd644800 JavaThread "Unconstrained build operations Thread 29" [_thread_blocked, id=3676, stack(0x000000812c000000,0x000000812c100000)]
  0x000001e4bd646000 JavaThread "Unconstrained build operations Thread 30" [_thread_blocked, id=17684, stack(0x000000812c100000,0x000000812c200000)]
  0x000001e4bd647000 JavaThread "Unconstrained build operations Thread 31" [_thread_blocked, id=13972, stack(0x000000812c200000,0x000000812c300000)]
  0x000001e4bd64b000 JavaThread "Unconstrained build operations Thread 32" [_thread_blocked, id=3972, stack(0x000000812c300000,0x000000812c400000)]
  0x000001e4bd648800 JavaThread "Unconstrained build operations Thread 33" [_thread_blocked, id=13108, stack(0x000000812c400000,0x000000812c500000)]
  0x000001e4bd645800 JavaThread "Unconstrained build operations Thread 34" [_thread_blocked, id=10512, stack(0x000000812c500000,0x000000812c600000)]
  0x000001e4bd647800 JavaThread "Unconstrained build operations Thread 35" [_thread_blocked, id=5024, stack(0x000000812c600000,0x000000812c700000)]
  0x000001e4bd649800 JavaThread "Unconstrained build operations Thread 36" [_thread_blocked, id=14712, stack(0x000000812c700000,0x000000812c800000)]
  0x000001e4bb4f5800 JavaThread "Unconstrained build operations Thread 37" [_thread_blocked, id=17176, stack(0x000000812c800000,0x000000812c900000)]
  0x000001e4bb4fc000 JavaThread "Unconstrained build operations Thread 38" [_thread_blocked, id=1500, stack(0x000000812c900000,0x000000812ca00000)]
  0x000001e4c5381800 JavaThread "Unconstrained build operations Thread 39" [_thread_in_Java, id=14596, stack(0x000000812ca00000,0x000000812cb00000)]
  0x000001e4c537d000 JavaThread "Unconstrained build operations Thread 40" [_thread_blocked, id=3712, stack(0x000000812cb00000,0x000000812cc00000)]
  0x000001e4c5383000 JavaThread "build event listener" [_thread_blocked, id=16940, stack(0x000000812cc00000,0x000000812cd00000)]
  0x000001e4c537e000 JavaThread "included builds" [_thread_blocked, id=14788, stack(0x000000812cd00000,0x000000812ce00000)]
  0x000001e4c537f000 JavaThread "Execution worker" [_thread_blocked, id=2528, stack(0x000000812ce00000,0x000000812cf00000)]
  0x000001e4c5385800 JavaThread "Execution worker Thread 2" [_thread_blocked, id=5784, stack(0x000000812d000000,0x000000812d100000)]
  0x000001e4c537f800 JavaThread "Execution worker Thread 3" [_thread_blocked, id=12772, stack(0x000000812d100000,0x000000812d200000)]
  0x000001e4c5383800 JavaThread "Cache worker for execution history cache (D:\Android\Projects\SpeechToText\.gradle\7.5\executionHistory)" [_thread_blocked, id=2356, stack(0x000000812d200000,0x000000812d300000)]
  0x000001e4c16a6000 JavaThread "C2 CompilerThread1" daemon [_thread_in_native, id=11760, stack(0x000000812a100000,0x000000812a200000)]

Other Threads:
  0x000001e4bac68800 VMThread "VM Thread" [stack: 0x0000008127c00000,0x0000008127d00000] [id=12212]
  0x000001e4bae7d000 WatcherThread [stack: 0x0000008128600000,0x0000008128700000] [id=11172]
  0x000001e4a07f4800 GCTaskThread "GC Thread#0" [stack: 0x0000008127700000,0x0000008127800000] [id=11636]
  0x000001e4bb377800 GCTaskThread "GC Thread#1" [stack: 0x0000008128700000,0x0000008128800000] [id=11252]
  0x000001e4bb463000 GCTaskThread "GC Thread#2" [stack: 0x0000008128800000,0x0000008128900000] [id=14928]
  0x000001e4bb463800 GCTaskThread "GC Thread#3" [stack: 0x0000008128900000,0x0000008128a00000] [id=13400]
  0x000001e4a0825800 ConcurrentGCThread "G1 Main Marker" [stack: 0x0000008127800000,0x0000008127900000] [id=5140]
  0x000001e4a0827000 ConcurrentGCThread "G1 Conc#0" [stack: 0x0000008127900000,0x0000008127a00000] [id=5940]
  0x000001e4ba2b0800 ConcurrentGCThread "G1 Refine#0" [stack: 0x0000008127a00000,0x0000008127b00000] [id=7748]
  0x000001e4ba2b1800 ConcurrentGCThread "G1 Young RemSet Sampling" [stack: 0x0000008127b00000,0x0000008127c00000] [id=10076]

Threads with active compile tasks:
C2 CompilerThread0  2664100 22656       4       com.android.tools.r8.internal.jO::a (447 bytes)
C2 CompilerThread1  2664100 23038       4       com.android.tools.r8.internal.No::c (157 bytes)

VM state:not at safepoint (normal execution)

VM Mutex/Monitor currently owned by a thread: None

Heap address: 0x0000000080000000, size: 2048 MB, Compressed Oops mode: 32-bit
Narrow klass base: 0x0000000000000000, Narrow klass shift: 3
Compressed class space size: 1073741824 Address: 0x0000000100000000

Heap:
 garbage-first heap   total 312320K, used 272634K [0x0000000080000000, 0x0000000100000000)
  region size 1024K, 43 young (44032K), 3 survivors (3072K)
 Metaspace       used 140568K, capacity 144512K, committed 144800K, reserved 1175552K
  class space    used 17755K, capacity 19266K, committed 19352K, reserved 1048576K
Heap Regions: E=young(eden), S=young(survivor), O=old, HS=humongous(starts), HC=humongous(continues), CS=collection set, F=free, A=archive, TAMS=top-at-mark-start (previous, next)
|   0|0x0000000080000000, 0x0000000080100000, 0x0000000080100000|100%|HS|  |TAMS 0x0000000080100000, 0x0000000080000000| Complete 
|   1|0x0000000080100000, 0x0000000080200000, 0x0000000080200000|100%|HC|  |TAMS 0x0000000080200000, 0x0000000080100000| Complete 
|   2|0x0000000080200000, 0x0000000080300000, 0x0000000080300000|100%|HC|  |TAMS 0x0000000080300000, 0x0000000080200000| Complete 
|   3|0x0000000080300000, 0x0000000080400000, 0x0000000080400000|100%| O|  |TAMS 0x0000000080400000, 0x0000000080300000| Untracked 
|   4|0x0000000080400000, 0x0000000080500000, 0x0000000080500000|100%| O|  |TAMS 0x0000000080500000, 0x0000000080400000| Untracked 
|   5|0x0000000080500000, 0x0000000080600000, 0x0000000080600000|100%| O|  |TAMS 0x0000000080600000, 0x0000000080500000| Untracked 
|   6|0x0000000080600000, 0x0000000080700000, 0x0000000080700000|100%| O|  |TAMS 0x0000000080700000, 0x0000000080600000| Untracked 
|   7|0x0000000080700000, 0x0000000080800000, 0x0000000080800000|100%| O|  |TAMS 0x0000000080800000, 0x0000000080700000| Untracked 
|   8|0x0000000080800000, 0x0000000080900000, 0x0000000080900000|100%| O|  |TAMS 0x0000000080900000, 0x0000000080800000| Untracked 
|   9|0x0000000080900000, 0x0000000080a00000, 0x0000000080a00000|100%| O|  |TAMS 0x0000000080a00000, 0x0000000080900000| Untracked 
|  10|0x0000000080a00000, 0x0000000080b00000, 0x0000000080b00000|100%| O|  |TAMS 0x0000000080b00000, 0x0000000080a00000| Untracked 
|  11|0x0000000080b00000, 0x0000000080c00000, 0x0000000080c00000|100%| O|  |TAMS 0x0000000080c00000, 0x0000000080b00000| Untracked 
|  12|0x0000000080c00000, 0x0000000080d00000, 0x0000000080d00000|100%| O|  |TAMS 0x0000000080d00000, 0x0000000080c00000| Untracked 
|  13|0x0000000080d00000, 0x0000000080e00000, 0x0000000080e00000|100%| O|  |TAMS 0x0000000080e00000, 0x0000000080d00000| Untracked 
|  14|0x0000000080e00000, 0x0000000080f00000, 0x0000000080f00000|100%| O|  |TAMS 0x0000000080f00000, 0x0000000080e00000| Untracked 
|  15|0x0000000080f00000, 0x0000000081000000, 0x0000000081000000|100%| O|  |TAMS 0x0000000081000000, 0x0000000080f00000| Untracked 
|  16|0x0000000081000000, 0x0000000081100000, 0x0000000081100000|100%| O|  |TAMS 0x0000000081100000, 0x0000000081000000| Untracked 
|  17|0x0000000081100000, 0x0000000081200000, 0x0000000081200000|100%|HS|  |TAMS 0x0000000081200000, 0x0000000081100000| Complete 
|  18|0x0000000081200000, 0x0000000081300000, 0x0000000081300000|100%|HC|  |TAMS 0x0000000081300000, 0x0000000081200000| Complete 
|  19|0x0000000081300000, 0x0000000081400000, 0x0000000081400000|100%|HS|  |TAMS 0x0000000081400000, 0x0000000081300000| Complete 
|  20|0x0000000081400000, 0x0000000081500000, 0x0000000081500000|100%|HC|  |TAMS 0x0000000081500000, 0x0000000081400000| Complete 
|  21|0x0000000081500000, 0x0000000081600000, 0x0000000081600000|100%|HC|  |TAMS 0x0000000081600000, 0x0000000081500000| Complete 
|  22|0x0000000081600000, 0x0000000081700000, 0x0000000081700000|100%|HS|  |TAMS 0x0000000081700000, 0x0000000081600000| Complete 
|  23|0x0000000081700000, 0x0000000081800000, 0x0000000081800000|100%|HC|  |TAMS 0x0000000081800000, 0x0000000081700000| Complete 
|  24|0x0000000081800000, 0x0000000081900000, 0x0000000081900000|100%|HC|  |TAMS 0x0000000081900000, 0x0000000081800000| Complete 
|  25|0x0000000081900000, 0x0000000081a00000, 0x0000000081a00000|100%|HC|  |TAMS 0x0000000081a00000, 0x0000000081900000| Complete 
|  26|0x0000000081a00000, 0x0000000081b00000, 0x0000000081b00000|100%|HC|  |TAMS 0x0000000081b00000, 0x0000000081a00000| Complete 
|  27|0x0000000081b00000, 0x0000000081c00000, 0x0000000081c00000|100%|HS|  |TAMS 0x0000000081c00000, 0x0000000081b00000| Complete 
|  28|0x0000000081c00000, 0x0000000081d00000, 0x0000000081d00000|100%|HC|  |TAMS 0x0000000081d00000, 0x0000000081c00000| Complete 
|  29|0x0000000081d00000, 0x0000000081e00000, 0x0000000081e00000|100%|HS|  |TAMS 0x0000000081e00000, 0x0000000081d00000| Complete 
|  30|0x0000000081e00000, 0x0000000081f00000, 0x0000000081f00000|100%|HC|  |TAMS 0x0000000081f00000, 0x0000000081e00000| Complete 
|  31|0x0000000081f00000, 0x0000000082000000, 0x0000000082000000|100%|HC|  |TAMS 0x0000000082000000, 0x0000000081f00000| Complete 
|  32|0x0000000082000000, 0x0000000082100000, 0x0000000082100000|100%|HS|  |TAMS 0x0000000082100000, 0x0000000082000000| Complete 
|  33|0x0000000082100000, 0x0000000082200000, 0x0000000082200000|100%|HC|  |TAMS 0x0000000082200000, 0x0000000082100000| Complete 
|  34|0x0000000082200000, 0x0000000082300000, 0x0000000082300000|100%|HC|  |TAMS 0x0000000082300000, 0x0000000082200000| Complete 
|  35|0x0000000082300000, 0x0000000082400000, 0x0000000082400000|100%|HC|  |TAMS 0x0000000082400000, 0x0000000082300000| Complete 
|  36|0x0000000082400000, 0x0000000082500000, 0x0000000082500000|100%|HC|  |TAMS 0x0000000082500000, 0x0000000082400000| Complete 
|  37|0x0000000082500000, 0x0000000082600000, 0x0000000082600000|100%|HC|  |TAMS 0x0000000082600000, 0x0000000082500000| Complete 
|  38|0x0000000082600000, 0x0000000082700000, 0x0000000082700000|100%|HC|  |TAMS 0x0000000082700000, 0x0000000082600000| Complete 
|  39|0x0000000082700000, 0x0000000082800000, 0x0000000082800000|100%|HC|  |TAMS 0x0000000082800000, 0x0000000082700000| Complete 
|  40|0x0000000082800000, 0x0000000082900000, 0x0000000082900000|100%|HC|  |TAMS 0x0000000082900000, 0x0000000082800000| Complete 
|  41|0x0000000082900000, 0x0000000082a00000, 0x0000000082a00000|100%|HC|  |TAMS 0x0000000082a00000, 0x0000000082900000| Complete 
|  42|0x0000000082a00000, 0x0000000082b00000, 0x0000000082b00000|100%|HS|  |TAMS 0x0000000082b00000, 0x0000000082a00000| Complete 
|  43|0x0000000082b00000, 0x0000000082c00000, 0x0000000082c00000|100%|HC|  |TAMS 0x0000000082c00000, 0x0000000082b00000| Complete 
|  44|0x0000000082c00000, 0x0000000082d00000, 0x0000000082d00000|100%| O|  |TAMS 0x0000000082d00000, 0x0000000082c00000| Untracked 
|  45|0x0000000082d00000, 0x0000000082e00000, 0x0000000082e00000|100%| O|  |TAMS 0x0000000082e00000, 0x0000000082d00000| Untracked 
|  46|0x0000000082e00000, 0x0000000082f00000, 0x0000000082f00000|100%| O|  |TAMS 0x0000000082f00000, 0x0000000082e00000| Untracked 
|  47|0x0000000082f00000, 0x0000000083000000, 0x0000000083000000|100%| O|  |TAMS 0x0000000083000000, 0x0000000082f00000| Untracked 
|  48|0x0000000083000000, 0x0000000083100000, 0x0000000083100000|100%| O|  |TAMS 0x0000000083100000, 0x0000000083000000| Untracked 
|  49|0x0000000083100000, 0x0000000083200000, 0x0000000083200000|100%| O|  |TAMS 0x0000000083200000, 0x0000000083100000| Untracked 
|  50|0x0000000083200000, 0x0000000083300000, 0x0000000083300000|100%| O|  |TAMS 0x0000000083300000, 0x0000000083200000| Untracked 
|  51|0x0000000083300000, 0x0000000083400000, 0x0000000083400000|100%| O|  |TAMS 0x0000000083400000, 0x0000000083300000| Untracked 
|  52|0x0000000083400000, 0x0000000083500000, 0x0000000083500000|100%| O|  |TAMS 0x0000000083500000, 0x0000000083400000| Untracked 
|  53|0x0000000083500000, 0x0000000083600000, 0x0000000083600000|100%| O|  |TAMS 0x0000000083600000, 0x0000000083500000| Untracked 
|  54|0x0000000083600000, 0x0000000083700000, 0x0000000083700000|100%| O|  |TAMS 0x0000000083700000, 0x0000000083600000| Untracked 
|  55|0x0000000083700000, 0x0000000083800000, 0x0000000083800000|100%|HS|  |TAMS 0x0000000083800000, 0x0000000083700000| Complete 
|  56|0x0000000083800000, 0x0000000083900000, 0x0000000083900000|100%|HC|  |TAMS 0x0000000083900000, 0x0000000083800000| Complete 
|  57|0x0000000083900000, 0x0000000083a00000, 0x0000000083a00000|100%|HC|  |TAMS 0x0000000083a00000, 0x0000000083900000| Complete 
|  58|0x0000000083a00000, 0x0000000083b00000, 0x0000000083b00000|100%|HC|  |TAMS 0x0000000083b00000, 0x0000000083a00000| Complete 
|  59|0x0000000083b00000, 0x0000000083c00000, 0x0000000083c00000|100%|HC|  |TAMS 0x0000000083c00000, 0x0000000083b00000| Complete 
|  60|0x0000000083c00000, 0x0000000083d00000, 0x0000000083d00000|100%|HC|  |TAMS 0x0000000083d00000, 0x0000000083c00000| Complete 
|  61|0x0000000083d00000, 0x0000000083e00000, 0x0000000083e00000|100%|HC|  |TAMS 0x0000000083e00000, 0x0000000083d00000| Complete 
|  62|0x0000000083e00000, 0x0000000083f00000, 0x0000000083f00000|100%|HC|  |TAMS 0x0000000083f00000, 0x0000000083e00000| Complete 
|  63|0x0000000083f00000, 0x0000000084000000, 0x0000000084000000|100%|HC|  |TAMS 0x0000000084000000, 0x0000000083f00000| Complete 
|  64|0x0000000084000000, 0x0000000084100000, 0x0000000084100000|100%|HC|  |TAMS 0x0000000084100000, 0x0000000084000000| Complete 
|  65|0x0000000084100000, 0x0000000084200000, 0x0000000084200000|100%|HS|  |TAMS 0x0000000084200000, 0x0000000084100000| Complete 
|  66|0x0000000084200000, 0x0000000084300000, 0x0000000084300000|100%|HC|  |TAMS 0x0000000084300000, 0x0000000084200000| Complete 
|  67|0x0000000084300000, 0x0000000084400000, 0x0000000084400000|100%|HS|  |TAMS 0x0000000084400000, 0x0000000084300000| Complete 
|  68|0x0000000084400000, 0x0000000084500000, 0x0000000084500000|100%|HC|  |TAMS 0x0000000084500000, 0x0000000084400000| Complete 
|  69|0x0000000084500000, 0x0000000084600000, 0x0000000084600000|100%|HS|  |TAMS 0x0000000084600000, 0x0000000084500000| Complete 
|  70|0x0000000084600000, 0x0000000084700000, 0x0000000084700000|100%|HC|  |TAMS 0x0000000084700000, 0x0000000084600000| Complete 
|  71|0x0000000084700000, 0x0000000084800000, 0x0000000084800000|100%|HC|  |TAMS 0x0000000084800000, 0x0000000084700000| Complete 
|  72|0x0000000084800000, 0x0000000084900000, 0x0000000084900000|100%|HS|  |TAMS 0x0000000084900000, 0x0000000084800000| Complete 
|  73|0x0000000084900000, 0x0000000084a00000, 0x0000000084a00000|100%|HC|  |TAMS 0x0000000084a00000, 0x0000000084900000| Complete 
|  74|0x0000000084a00000, 0x0000000084b00000, 0x0000000084b00000|100%|HC|  |TAMS 0x0000000084b00000, 0x0000000084a00000| Complete 
|  75|0x0000000084b00000, 0x0000000084c00000, 0x0000000084c00000|100%|HS|  |TAMS 0x0000000084c00000, 0x0000000084b00000| Complete 
|  76|0x0000000084c00000, 0x0000000084d00000, 0x0000000084d00000|100%|HC|  |TAMS 0x0000000084d00000, 0x0000000084c00000| Complete 
|  77|0x0000000084d00000, 0x0000000084e00000, 0x0000000084e00000|100%|HC|  |TAMS 0x0000000084e00000, 0x0000000084d00000| Complete 
|  78|0x0000000084e00000, 0x0000000084f00000, 0x0000000084f00000|100%|HC|  |TAMS 0x0000000084f00000, 0x0000000084e00000| Complete 
|  79|0x0000000084f00000, 0x0000000085000000, 0x0000000085000000|100%|HC|  |TAMS 0x0000000085000000, 0x0000000084f00000| Complete 
|  80|0x0000000085000000, 0x0000000085100000, 0x0000000085100000|100%| O|  |TAMS 0x0000000085100000, 0x0000000085000000| Untracked 
|  81|0x0000000085100000, 0x0000000085200000, 0x0000000085200000|100%| O|  |TAMS 0x0000000085200000, 0x0000000085100000| Untracked 
|  82|0x0000000085200000, 0x0000000085300000, 0x0000000085300000|100%| O|  |TAMS 0x0000000085300000, 0x0000000085200000| Untracked 
|  83|0x0000000085300000, 0x0000000085400000, 0x0000000085400000|100%| O|  |TAMS 0x0000000085400000, 0x0000000085300000| Untracked 
|  84|0x0000000085400000, 0x0000000085500000, 0x0000000085500000|100%| O|  |TAMS 0x0000000085500000, 0x0000000085400000| Untracked 
|  85|0x0000000085500000, 0x0000000085600000, 0x0000000085600000|100%| O|  |TAMS 0x0000000085600000, 0x0000000085500000| Untracked 
|  86|0x0000000085600000, 0x0000000085700000, 0x0000000085700000|100%| O|  |TAMS 0x0000000085700000, 0x0000000085600000| Untracked 
|  87|0x0000000085700000, 0x0000000085800000, 0x0000000085800000|100%| O|  |TAMS 0x0000000085800000, 0x0000000085700000| Untracked 
|  88|0x0000000085800000, 0x0000000085900000, 0x0000000085900000|100%| O|  |TAMS 0x0000000085900000, 0x0000000085800000| Untracked 
|  89|0x0000000085900000, 0x0000000085a00000, 0x0000000085a00000|100%| O|  |TAMS 0x0000000085a00000, 0x0000000085900000| Untracked 
|  90|0x0000000085a00000, 0x0000000085b00000, 0x0000000085b00000|100%| O|  |TAMS 0x0000000085b00000, 0x0000000085a00000| Untracked 
|  91|0x0000000085b00000, 0x0000000085c00000, 0x0000000085c00000|100%| O|  |TAMS 0x0000000085c00000, 0x0000000085b00000| Untracked 
|  92|0x0000000085c00000, 0x0000000085d00000, 0x0000000085d00000|100%| O|  |TAMS 0x0000000085d00000, 0x0000000085c00000| Untracked 
|  93|0x0000000085d00000, 0x0000000085e00000, 0x0000000085e00000|100%| O|  |TAMS 0x0000000085e00000, 0x0000000085d00000| Untracked 
|  94|0x0000000085e00000, 0x0000000085f00000, 0x0000000085f00000|100%| O|  |TAMS 0x0000000085f00000, 0x0000000085e00000| Untracked 
|  95|0x0000000085f00000, 0x0000000086000000, 0x0000000086000000|100%| O|  |TAMS 0x0000000086000000, 0x0000000085f00000| Untracked 
|  96|0x0000000086000000, 0x0000000086100000, 0x0000000086100000|100%| O|  |TAMS 0x0000000086100000, 0x0000000086000000| Untracked 
|  97|0x0000000086100000, 0x0000000086200000, 0x0000000086200000|100%| O|  |TAMS 0x0000000086200000, 0x0000000086100000| Untracked 
|  98|0x0000000086200000, 0x0000000086300000, 0x0000000086300000|100%| O|  |TAMS 0x0000000086300000, 0x0000000086200000| Untracked 
|  99|0x0000000086300000, 0x0000000086400000, 0x0000000086400000|100%| O|  |TAMS 0x0000000086400000, 0x0000000086300000| Untracked 
| 100|0x0000000086400000, 0x0000000086500000, 0x0000000086500000|100%| O|  |TAMS 0x0000000086500000, 0x0000000086400000| Untracked 
| 101|0x0000000086500000, 0x0000000086600000, 0x0000000086600000|100%| O|  |TAMS 0x0000000086600000, 0x0000000086500000| Untracked 
| 102|0x0000000086600000, 0x0000000086700000, 0x0000000086700000|100%|HS|  |TAMS 0x0000000086700000, 0x0000000086600000| Complete 
| 103|0x0000000086700000, 0x0000000086800000, 0x0000000086800000|100%|HS|  |TAMS 0x0000000086800000, 0x0000000086700000| Complete 
| 104|0x0000000086800000, 0x0000000086900000, 0x0000000086900000|100%|HC|  |TAMS 0x0000000086900000, 0x0000000086800000| Complete 
| 105|0x0000000086900000, 0x0000000086a00000, 0x0000000086a00000|100%|HS|  |TAMS 0x0000000086a00000, 0x0000000086900000| Complete 
| 106|0x0000000086a00000, 0x0000000086b00000, 0x0000000086b00000|100%| O|  |TAMS 0x0000000086b00000, 0x0000000086a00000| Untracked 
| 107|0x0000000086b00000, 0x0000000086c00000, 0x0000000086c00000|100%| O|  |TAMS 0x0000000086c00000, 0x0000000086b00000| Untracked 
| 108|0x0000000086c00000, 0x0000000086d00000, 0x0000000086d00000|100%| O|  |TAMS 0x0000000086d00000, 0x0000000086c00000| Untracked 
| 109|0x0000000086d00000, 0x0000000086e00000, 0x0000000086e00000|100%| O|  |TAMS 0x0000000086e00000, 0x0000000086d00000| Untracked 
| 110|0x0000000086e00000, 0x0000000086f00000, 0x0000000086f00000|100%|HS|  |TAMS 0x0000000086f00000, 0x0000000086e00000| Complete 
| 111|0x0000000086f00000, 0x0000000087000000, 0x0000000087000000|100%|HC|  |TAMS 0x0000000087000000, 0x0000000086f00000| Complete 
| 112|0x0000000087000000, 0x0000000087100000, 0x0000000087100000|100%|HC|  |TAMS 0x0000000087100000, 0x0000000087000000| Complete 
| 113|0x0000000087100000, 0x0000000087200000, 0x0000000087200000|100%|HC|  |TAMS 0x0000000087200000, 0x0000000087100000| Complete 
| 114|0x0000000087200000, 0x0000000087300000, 0x0000000087300000|100%| O|  |TAMS 0x0000000087300000, 0x0000000087200000| Untracked 
| 115|0x0000000087300000, 0x0000000087400000, 0x0000000087400000|100%| O|  |TAMS 0x0000000087400000, 0x0000000087300000| Untracked 
| 116|0x0000000087400000, 0x0000000087500000, 0x0000000087500000|100%| O|  |TAMS 0x0000000087500000, 0x0000000087400000| Untracked 
| 117|0x0000000087500000, 0x0000000087600000, 0x0000000087600000|100%| O|  |TAMS 0x0000000087600000, 0x0000000087500000| Untracked 
| 118|0x0000000087600000, 0x0000000087700000, 0x0000000087700000|100%| O|  |TAMS 0x0000000087700000, 0x0000000087600000| Untracked 
| 119|0x0000000087700000, 0x0000000087800000, 0x0000000087800000|100%| O|  |TAMS 0x0000000087800000, 0x0000000087700000| Untracked 
| 120|0x0000000087800000, 0x0000000087900000, 0x0000000087900000|100%| O|  |TAMS 0x0000000087900000, 0x0000000087800000| Untracked 
| 121|0x0000000087900000, 0x0000000087a00000, 0x0000000087a00000|100%| O|  |TAMS 0x0000000087a00000, 0x0000000087900000| Untracked 
| 122|0x0000000087a00000, 0x0000000087b00000, 0x0000000087b00000|100%| O|  |TAMS 0x0000000087b00000, 0x0000000087a00000| Untracked 
| 123|0x0000000087b00000, 0x0000000087c00000, 0x0000000087c00000|100%| O|  |TAMS 0x0000000087b00000, 0x0000000087b00000| Untracked 
| 124|0x0000000087c00000, 0x0000000087d00000, 0x0000000087d00000|100%| O|  |TAMS 0x0000000087d00000, 0x0000000087c00000| Untracked 
| 125|0x0000000087d00000, 0x0000000087e00000, 0x0000000087e00000|100%| O|  |TAMS 0x0000000087e00000, 0x0000000087d00000| Untracked 
| 126|0x0000000087e00000, 0x0000000087f00000, 0x0000000087f00000|100%| O|  |TAMS 0x0000000087f00000, 0x0000000087e00000| Untracked 
| 127|0x0000000087f00000, 0x0000000088000000, 0x0000000088000000|100%| O|  |TAMS 0x0000000088000000, 0x0000000087f00000| Untracked 
| 128|0x0000000088000000, 0x0000000088100000, 0x0000000088100000|100%| O|  |TAMS 0x0000000088100000, 0x0000000088000000| Untracked 
| 129|0x0000000088100000, 0x0000000088200000, 0x0000000088200000|100%|HS|  |TAMS 0x0000000088200000, 0x0000000088100000| Complete 
| 130|0x0000000088200000, 0x0000000088300000, 0x0000000088300000|100%|HC|  |TAMS 0x0000000088300000, 0x0000000088200000| Complete 
| 131|0x0000000088300000, 0x0000000088400000, 0x0000000088400000|100%|HS|  |TAMS 0x0000000088400000, 0x0000000088300000| Complete 
| 132|0x0000000088400000, 0x0000000088500000, 0x0000000088500000|100%|HC|  |TAMS 0x0000000088500000, 0x0000000088400000| Complete 
| 133|0x0000000088500000, 0x0000000088600000, 0x0000000088600000|100%|HC|  |TAMS 0x0000000088600000, 0x0000000088500000| Complete 
| 134|0x0000000088600000, 0x0000000088700000, 0x0000000088700000|100%|HS|  |TAMS 0x0000000088700000, 0x0000000088600000| Complete 
| 135|0x0000000088700000, 0x0000000088800000, 0x0000000088800000|100%|HC|  |TAMS 0x0000000088800000, 0x0000000088700000| Complete 
| 136|0x0000000088800000, 0x0000000088900000, 0x0000000088900000|100%|HC|  |TAMS 0x0000000088900000, 0x0000000088800000| Complete 
| 137|0x0000000088900000, 0x0000000088a00000, 0x0000000088a00000|100%|HC|  |TAMS 0x0000000088a00000, 0x0000000088900000| Complete 
| 138|0x0000000088a00000, 0x0000000088b00000, 0x0000000088b00000|100%|HC|  |TAMS 0x0000000088b00000, 0x0000000088a00000| Complete 
| 139|0x0000000088b00000, 0x0000000088c00000, 0x0000000088c00000|100%|HS|  |TAMS 0x0000000088c00000, 0x0000000088b00000| Complete 
| 140|0x0000000088c00000, 0x0000000088d00000, 0x0000000088d00000|100%|HC|  |TAMS 0x0000000088d00000, 0x0000000088c00000| Complete 
| 141|0x0000000088d00000, 0x0000000088e00000, 0x0000000088e00000|100%|HS|  |TAMS 0x0000000088e00000, 0x0000000088d00000| Complete 
| 142|0x0000000088e00000, 0x0000000088f00000, 0x0000000088f00000|100%|HC|  |TAMS 0x0000000088f00000, 0x0000000088e00000| Complete 
| 143|0x0000000088f00000, 0x0000000089000000, 0x0000000089000000|100%|HC|  |TAMS 0x0000000089000000, 0x0000000088f00000| Complete 
| 144|0x0000000089000000, 0x0000000089100000, 0x0000000089100000|100%|HS|  |TAMS 0x0000000089100000, 0x0000000089000000| Complete 
| 145|0x0000000089100000, 0x0000000089200000, 0x0000000089200000|100%|HC|  |TAMS 0x0000000089200000, 0x0000000089100000| Complete 
| 146|0x0000000089200000, 0x0000000089300000, 0x0000000089300000|100%|HC|  |TAMS 0x0000000089300000, 0x0000000089200000| Complete 
| 147|0x0000000089300000, 0x0000000089400000, 0x0000000089400000|100%|HC|  |TAMS 0x0000000089400000, 0x0000000089300000| Complete 
| 148|0x0000000089400000, 0x0000000089500000, 0x0000000089500000|100%|HC|  |TAMS 0x0000000089500000, 0x0000000089400000| Complete 
| 149|0x0000000089500000, 0x0000000089600000, 0x0000000089600000|100%|HC|  |TAMS 0x0000000089600000, 0x0000000089500000| Complete 
| 150|0x0000000089600000, 0x0000000089700000, 0x0000000089700000|100%|HC|  |TAMS 0x0000000089700000, 0x0000000089600000| Complete 
| 151|0x0000000089700000, 0x0000000089800000, 0x0000000089800000|100%|HC|  |TAMS 0x0000000089800000, 0x0000000089700000| Complete 
| 152|0x0000000089800000, 0x0000000089900000, 0x0000000089900000|100%|HC|  |TAMS 0x0000000089900000, 0x0000000089800000| Complete 
| 153|0x0000000089900000, 0x0000000089a00000, 0x0000000089a00000|100%|HC|  |TAMS 0x0000000089a00000, 0x0000000089900000| Complete 
| 154|0x0000000089a00000, 0x0000000089b00000, 0x0000000089b00000|100%|HS|  |TAMS 0x0000000089b00000, 0x0000000089a00000| Complete 
| 155|0x0000000089b00000, 0x0000000089c00000, 0x0000000089c00000|100%|HC|  |TAMS 0x0000000089c00000, 0x0000000089b00000| Complete 
| 156|0x0000000089c00000, 0x0000000089d00000, 0x0000000089d00000|100%| O|  |TAMS 0x0000000089d00000, 0x0000000089c00000| Untracked 
| 157|0x0000000089d00000, 0x0000000089e00000, 0x0000000089e00000|100%| O|  |TAMS 0x0000000089e00000, 0x0000000089d00000| Untracked 
| 158|0x0000000089e00000, 0x0000000089f00000, 0x0000000089f00000|100%| O|  |TAMS 0x0000000089f00000, 0x0000000089e00000| Untracked 
| 159|0x0000000089f00000, 0x000000008a000000, 0x000000008a000000|100%| O|  |TAMS 0x000000008a000000, 0x0000000089f00000| Untracked 
| 160|0x000000008a000000, 0x000000008a100000, 0x000000008a100000|100%| O|  |TAMS 0x000000008a100000, 0x000000008a000000| Untracked 
| 161|0x000000008a100000, 0x000000008a200000, 0x000000008a200000|100%| O|  |TAMS 0x000000008a200000, 0x000000008a100000| Untracked 
| 162|0x000000008a200000, 0x000000008a300000, 0x000000008a300000|100%| O|  |TAMS 0x000000008a28e000, 0x000000008a200000| Untracked 
| 163|0x000000008a300000, 0x000000008a400000, 0x000000008a400000|100%| O|  |TAMS 0x000000008a400000, 0x000000008a300000| Untracked 
| 164|0x000000008a400000, 0x000000008a500000, 0x000000008a500000|100%| O|  |TAMS 0x000000008a500000, 0x000000008a400000| Untracked 
| 165|0x000000008a500000, 0x000000008a600000, 0x000000008a600000|100%| O|  |TAMS 0x000000008a600000, 0x000000008a500000| Untracked 
| 166|0x000000008a600000, 0x000000008a700000, 0x000000008a700000|100%| O|  |TAMS 0x000000008a600000, 0x000000008a600000| Untracked 
| 167|0x000000008a700000, 0x000000008a800000, 0x000000008a800000|100%| O|  |TAMS 0x000000008a700000, 0x000000008a700000| Untracked 
| 168|0x000000008a800000, 0x000000008a900000, 0x000000008a900000|100%| O|  |TAMS 0x000000008a800000, 0x000000008a800000| Untracked 
| 169|0x000000008a900000, 0x000000008aa00000, 0x000000008aa00000|100%| O|  |TAMS 0x000000008aa00000, 0x000000008a900000| Untracked 
| 170|0x000000008aa00000, 0x000000008ab00000, 0x000000008ab00000|100%| O|  |TAMS 0x000000008ab00000, 0x000000008aa00000| Untracked 
| 171|0x000000008ab00000, 0x000000008ac00000, 0x000000008ac00000|100%| O|  |TAMS 0x000000008ac00000, 0x000000008ab00000| Untracked 
| 172|0x000000008ac00000, 0x000000008ad00000, 0x000000008ad00000|100%| O|  |TAMS 0x000000008ad00000, 0x000000008ac00000| Untracked 
| 173|0x000000008ad00000, 0x000000008ae00000, 0x000000008ae00000|100%| O|  |TAMS 0x000000008ad00000, 0x000000008ad00000| Untracked 
| 174|0x000000008ae00000, 0x000000008af00000, 0x000000008af00000|100%| O|  |TAMS 0x000000008ae00000, 0x000000008ae00000| Untracked 
| 175|0x000000008af00000, 0x000000008b000000, 0x000000008b000000|100%| O|  |TAMS 0x000000008b000000, 0x000000008af00000| Untracked 
| 176|0x000000008b000000, 0x000000008b100000, 0x000000008b100000|100%| O|  |TAMS 0x000000008b100000, 0x000000008b000000| Untracked 
| 177|0x000000008b100000, 0x000000008b200000, 0x000000008b200000|100%| O|  |TAMS 0x000000008b100000, 0x000000008b100000| Untracked 
| 178|0x000000008b200000, 0x000000008b300000, 0x000000008b300000|100%| O|  |TAMS 0x000000008b300000, 0x000000008b200000| Untracked 
| 179|0x000000008b300000, 0x000000008b400000, 0x000000008b400000|100%| O|  |TAMS 0x000000008b400000, 0x000000008b300000| Untracked 
| 180|0x000000008b400000, 0x000000008b500000, 0x000000008b500000|100%| O|  |TAMS 0x000000008b500000, 0x000000008b400000| Untracked 
| 181|0x000000008b500000, 0x000000008b600000, 0x000000008b600000|100%| O|  |TAMS 0x000000008b600000, 0x000000008b500000| Untracked 
| 182|0x000000008b600000, 0x000000008b700000, 0x000000008b700000|100%| O|  |TAMS 0x000000008b600000, 0x000000008b600000| Untracked 
| 183|0x000000008b700000, 0x000000008b800000, 0x000000008b800000|100%| O|  |TAMS 0x000000008b700000, 0x000000008b700000| Untracked 
| 184|0x000000008b800000, 0x000000008b900000, 0x000000008b900000|100%| O|  |TAMS 0x000000008b800000, 0x000000008b800000| Untracked 
| 185|0x000000008b900000, 0x000000008ba00000, 0x000000008ba00000|100%| O|  |TAMS 0x000000008b900000, 0x000000008b900000| Untracked 
| 186|0x000000008ba00000, 0x000000008bb00000, 0x000000008bb00000|100%| O|  |TAMS 0x000000008ba00000, 0x000000008ba00000| Untracked 
| 187|0x000000008bb00000, 0x000000008bc00000, 0x000000008bc00000|100%| O|  |TAMS 0x000000008bb00000, 0x000000008bb00000| Untracked 
| 188|0x000000008bc00000, 0x000000008bd00000, 0x000000008bd00000|100%| O|  |TAMS 0x000000008bd00000, 0x000000008bc00000| Untracked 
| 189|0x000000008bd00000, 0x000000008be00000, 0x000000008be00000|100%| O|  |TAMS 0x000000008be00000, 0x000000008bd00000| Untracked 
| 190|0x000000008be00000, 0x000000008bf00000, 0x000000008bf00000|100%| O|  |TAMS 0x000000008bf00000, 0x000000008be00000| Untracked 
| 191|0x000000008bf00000, 0x000000008c000000, 0x000000008c000000|100%| O|  |TAMS 0x000000008c000000, 0x000000008bf00000| Untracked 
| 192|0x000000008c000000, 0x000000008c100000, 0x000000008c100000|100%| O|  |TAMS 0x000000008c000000, 0x000000008c000000| Untracked 
| 193|0x000000008c100000, 0x000000008c200000, 0x000000008c200000|100%| O|  |TAMS 0x000000008c100000, 0x000000008c100000| Untracked 
| 194|0x000000008c200000, 0x000000008c300000, 0x000000008c300000|100%| O|  |TAMS 0x000000008c200000, 0x000000008c200000| Untracked 
| 195|0x000000008c300000, 0x000000008c400000, 0x000000008c400000|100%| O|  |TAMS 0x000000008c300000, 0x000000008c300000| Untracked 
| 196|0x000000008c400000, 0x000000008c500000, 0x000000008c500000|100%| O|  |TAMS 0x000000008c400000, 0x000000008c400000| Untracked 
| 197|0x000000008c500000, 0x000000008c600000, 0x000000008c600000|100%| O|  |TAMS 0x000000008c500000, 0x000000008c500000| Untracked 
| 198|0x000000008c600000, 0x000000008c6ade00, 0x000000008c700000| 67%| O|  |TAMS 0x000000008c600000, 0x000000008c600000| Untracked 
| 199|0x000000008c700000, 0x000000008c800000, 0x000000008c800000|100%| O|  |TAMS 0x000000008c800000, 0x000000008c700000| Untracked 
| 200|0x000000008c800000, 0x000000008c900000, 0x000000008c900000|100%| O|  |TAMS 0x000000008c900000, 0x000000008c800000| Untracked 
| 201|0x000000008c900000, 0x000000008ca00000, 0x000000008ca00000|100%| O|  |TAMS 0x000000008ca00000, 0x000000008c900000| Untracked 
| 202|0x000000008ca00000, 0x000000008cb00000, 0x000000008cb00000|100%| O|  |TAMS 0x000000008cb00000, 0x000000008ca00000| Untracked 
| 203|0x000000008cb00000, 0x000000008cc00000, 0x000000008cc00000|100%| O|  |TAMS 0x000000008cc00000, 0x000000008cb00000| Untracked 
| 204|0x000000008cc00000, 0x000000008cd00000, 0x000000008cd00000|100%| O|  |TAMS 0x000000008cd00000, 0x000000008cc00000| Untracked 
| 205|0x000000008cd00000, 0x000000008ce00000, 0x000000008ce00000|100%| O|  |TAMS 0x000000008ce00000, 0x000000008cd00000| Untracked 
| 206|0x000000008ce00000, 0x000000008cf00000, 0x000000008cf00000|100%| O|  |TAMS 0x000000008cf00000, 0x000000008ce00000| Untracked 
| 207|0x000000008cf00000, 0x000000008d000000, 0x000000008d000000|100%| O|  |TAMS 0x000000008d000000, 0x000000008cf00000| Untracked 
| 208|0x000000008d000000, 0x000000008d100000, 0x000000008d100000|100%| O|  |TAMS 0x000000008d100000, 0x000000008d000000| Untracked 
| 209|0x000000008d100000, 0x000000008d200000, 0x000000008d200000|100%| O|  |TAMS 0x000000008d200000, 0x000000008d100000| Untracked 
| 210|0x000000008d200000, 0x000000008d300000, 0x000000008d300000|100%| O|  |TAMS 0x000000008d300000, 0x000000008d200000| Untracked 
| 211|0x000000008d300000, 0x000000008d400000, 0x000000008d400000|100%| O|  |TAMS 0x000000008d400000, 0x000000008d300000| Untracked 
| 212|0x000000008d400000, 0x000000008d500000, 0x000000008d500000|100%| O|  |TAMS 0x000000008d500000, 0x000000008d400000| Untracked 
| 213|0x000000008d500000, 0x000000008d500000, 0x000000008d600000|  0%| F|  |TAMS 0x000000008d500000, 0x000000008d500000| Untracked 
| 214|0x000000008d600000, 0x000000008d600000, 0x000000008d700000|  0%| F|  |TAMS 0x000000008d600000, 0x000000008d600000| Untracked 
| 215|0x000000008d700000, 0x000000008d800000, 0x000000008d800000|100%| O|  |TAMS 0x000000008d800000, 0x000000008d700000| Untracked 
| 216|0x000000008d800000, 0x000000008d900000, 0x000000008d900000|100%| O|  |TAMS 0x000000008d900000, 0x000000008d800000| Untracked 
| 217|0x000000008d900000, 0x000000008da00000, 0x000000008da00000|100%| O|  |TAMS 0x000000008da00000, 0x000000008d900000| Untracked 
| 218|0x000000008da00000, 0x000000008db00000, 0x000000008db00000|100%| O|  |TAMS 0x000000008db00000, 0x000000008da00000| Untracked 
| 219|0x000000008db00000, 0x000000008dc00000, 0x000000008dc00000|100%| O|  |TAMS 0x000000008dc00000, 0x000000008db00000| Untracked 
| 220|0x000000008dc00000, 0x000000008dd00000, 0x000000008dd00000|100%| O|  |TAMS 0x000000008dd00000, 0x000000008dc00000| Untracked 
| 221|0x000000008dd00000, 0x000000008de00000, 0x000000008de00000|100%| O|  |TAMS 0x000000008de00000, 0x000000008dd00000| Untracked 
| 222|0x000000008de00000, 0x000000008df00000, 0x000000008df00000|100%| O|  |TAMS 0x000000008df00000, 0x000000008de00000| Untracked 
| 223|0x000000008df00000, 0x000000008e000000, 0x000000008e000000|100%| O|  |TAMS 0x000000008e000000, 0x000000008df00000| Untracked 
| 224|0x000000008e000000, 0x000000008e100000, 0x000000008e100000|100%| O|  |TAMS 0x000000008e100000, 0x000000008e000000| Untracked 
| 225|0x000000008e100000, 0x000000008e200000, 0x000000008e200000|100%| O|  |TAMS 0x000000008e200000, 0x000000008e100000| Untracked 
| 226|0x000000008e200000, 0x000000008e300000, 0x000000008e300000|100%| O|  |TAMS 0x000000008e300000, 0x000000008e200000| Untracked 
| 227|0x000000008e300000, 0x000000008e300000, 0x000000008e400000|  0%| F|  |TAMS 0x000000008e300000, 0x000000008e300000| Untracked 
| 228|0x000000008e400000, 0x000000008e400000, 0x000000008e500000|  0%| F|  |TAMS 0x000000008e400000, 0x000000008e400000| Untracked 
| 229|0x000000008e500000, 0x000000008e500000, 0x000000008e600000|  0%| F|  |TAMS 0x000000008e500000, 0x000000008e500000| Untracked 
| 230|0x000000008e600000, 0x000000008e600000, 0x000000008e700000|  0%| F|  |TAMS 0x000000008e600000, 0x000000008e600000| Untracked 
| 231|0x000000008e700000, 0x000000008e700000, 0x000000008e800000|  0%| F|  |TAMS 0x000000008e700000, 0x000000008e700000| Untracked 
| 232|0x000000008e800000, 0x000000008e800000, 0x000000008e900000|  0%| F|  |TAMS 0x000000008e800000, 0x000000008e800000| Untracked 
| 233|0x000000008e900000, 0x000000008e900000, 0x000000008ea00000|  0%| F|  |TAMS 0x000000008e900000, 0x000000008e900000| Untracked 
| 234|0x000000008ea00000, 0x000000008ea00000, 0x000000008eb00000|  0%| F|  |TAMS 0x000000008ea00000, 0x000000008ea00000| Untracked 
| 235|0x000000008eb00000, 0x000000008eb00000, 0x000000008ec00000|  0%| F|  |TAMS 0x000000008eb00000, 0x000000008eb00000| Untracked 
| 236|0x000000008ec00000, 0x000000008ec00000, 0x000000008ed00000|  0%| F|  |TAMS 0x000000008ec00000, 0x000000008ec00000| Untracked 
| 237|0x000000008ed00000, 0x000000008ed00000, 0x000000008ee00000|  0%| F|  |TAMS 0x000000008ed00000, 0x000000008ed00000| Untracked 
| 238|0x000000008ee00000, 0x000000008ee00000, 0x000000008ef00000|  0%| F|  |TAMS 0x000000008ee00000, 0x000000008ee00000| Untracked 
| 239|0x000000008ef00000, 0x000000008ef00000, 0x000000008f000000|  0%| F|  |TAMS 0x000000008ef00000, 0x000000008ef00000| Untracked 
| 240|0x000000008f000000, 0x000000008f000000, 0x000000008f100000|  0%| F|  |TAMS 0x000000008f000000, 0x000000008f000000| Untracked 
| 241|0x000000008f100000, 0x000000008f100000, 0x000000008f200000|  0%| F|  |TAMS 0x000000008f100000, 0x000000008f100000| Untracked 
| 242|0x000000008f200000, 0x000000008f200000, 0x000000008f300000|  0%| F|  |TAMS 0x000000008f200000, 0x000000008f200000| Untracked 
| 243|0x000000008f300000, 0x000000008f300000, 0x000000008f400000|  0%| F|  |TAMS 0x000000008f300000, 0x000000008f300000| Untracked 
| 244|0x000000008f400000, 0x000000008f400000, 0x000000008f500000|  0%| F|  |TAMS 0x000000008f400000, 0x000000008f400000| Untracked 
| 245|0x000000008f500000, 0x000000008f500000, 0x000000008f600000|  0%| F|  |TAMS 0x000000008f500000, 0x000000008f500000| Untracked 
| 246|0x000000008f600000, 0x000000008f600000, 0x000000008f700000|  0%| F|  |TAMS 0x000000008f600000, 0x000000008f600000| Untracked 
| 247|0x000000008f700000, 0x000000008f700000, 0x000000008f800000|  0%| F|  |TAMS 0x000000008f700000, 0x000000008f700000| Untracked 
| 248|0x000000008f800000, 0x000000008f800000, 0x000000008f900000|  0%| F|  |TAMS 0x000000008f800000, 0x000000008f800000| Untracked 
| 249|0x000000008f900000, 0x000000008f900000, 0x000000008fa00000|  0%| F|  |TAMS 0x000000008f900000, 0x000000008f900000| Untracked 
| 250|0x000000008fa00000, 0x000000008fa00000, 0x000000008fb00000|  0%| F|  |TAMS 0x000000008fa00000, 0x000000008fa00000| Untracked 
| 251|0x000000008fb00000, 0x000000008fb00000, 0x000000008fc00000|  0%| F|  |TAMS 0x000000008fb00000, 0x000000008fb00000| Untracked 
| 252|0x000000008fc00000, 0x000000008fc00000, 0x000000008fd00000|  0%| F|  |TAMS 0x000000008fc00000, 0x000000008fc00000| Untracked 
| 253|0x000000008fd00000, 0x000000008fd00000, 0x000000008fe00000|  0%| F|  |TAMS 0x000000008fd00000, 0x000000008fd00000| Untracked 
| 254|0x000000008fe00000, 0x000000008fe00000, 0x000000008ff00000|  0%| F|  |TAMS 0x000000008fe00000, 0x000000008fe00000| Untracked 
| 255|0x000000008ff00000, 0x000000008ff00000, 0x0000000090000000|  0%| F|  |TAMS 0x000000008ff00000, 0x000000008ff00000| Untracked 
| 256|0x0000000090000000, 0x0000000090000000, 0x0000000090100000|  0%| F|  |TAMS 0x0000000090000000, 0x0000000090000000| Untracked 
| 257|0x0000000090100000, 0x0000000090100000, 0x0000000090200000|  0%| F|  |TAMS 0x0000000090100000, 0x0000000090100000| Untracked 
| 258|0x0000000090200000, 0x0000000090200000, 0x0000000090300000|  0%| F|  |TAMS 0x0000000090200000, 0x0000000090200000| Untracked 
| 259|0x0000000090300000, 0x0000000090300000, 0x0000000090400000|  0%| F|  |TAMS 0x0000000090300000, 0x0000000090300000| Untracked 
| 260|0x0000000090400000, 0x0000000090400000, 0x0000000090500000|  0%| F|  |TAMS 0x0000000090400000, 0x0000000090400000| Untracked 
| 261|0x0000000090500000, 0x0000000090590d68, 0x0000000090600000| 56%| S|CS|TAMS 0x0000000090500000, 0x0000000090500000| Complete 
| 262|0x0000000090600000, 0x0000000090700000, 0x0000000090700000|100%| S|CS|TAMS 0x0000000090600000, 0x0000000090600000| Complete 
| 263|0x0000000090700000, 0x0000000090800000, 0x0000000090800000|100%| S|CS|TAMS 0x0000000090700000, 0x0000000090700000| Complete 
| 264|0x0000000090800000, 0x0000000090800000, 0x0000000090900000|  0%| F|  |TAMS 0x0000000090800000, 0x0000000090800000| Untracked 
| 265|0x0000000090900000, 0x00000000909dcdd0, 0x0000000090a00000| 86%| E|  |TAMS 0x0000000090900000, 0x0000000090900000| Complete 
| 266|0x0000000090a00000, 0x0000000090b00000, 0x0000000090b00000|100%| E|CS|TAMS 0x0000000090a00000, 0x0000000090a00000| Complete 
| 267|0x0000000090b00000, 0x0000000090c00000, 0x0000000090c00000|100%| E|CS|TAMS 0x0000000090b00000, 0x0000000090b00000| Complete 
| 268|0x0000000090c00000, 0x0000000090d00000, 0x0000000090d00000|100%| E|CS|TAMS 0x0000000090c00000, 0x0000000090c00000| Complete 
| 269|0x0000000090d00000, 0x0000000090e00000, 0x0000000090e00000|100%| E|CS|TAMS 0x0000000090d00000, 0x0000000090d00000| Complete 
| 270|0x0000000090e00000, 0x0000000090f00000, 0x0000000090f00000|100%| E|CS|TAMS 0x0000000090e00000, 0x0000000090e00000| Complete 
| 271|0x0000000090f00000, 0x0000000091000000, 0x0000000091000000|100%| E|CS|TAMS 0x0000000090f00000, 0x0000000090f00000| Complete 
| 272|0x0000000091000000, 0x0000000091100000, 0x0000000091100000|100%| E|CS|TAMS 0x0000000091000000, 0x0000000091000000| Complete 
| 273|0x0000000091100000, 0x0000000091200000, 0x0000000091200000|100%| E|CS|TAMS 0x0000000091100000, 0x0000000091100000| Complete 
| 274|0x0000000091200000, 0x0000000091300000, 0x0000000091300000|100%| E|CS|TAMS 0x0000000091200000, 0x0000000091200000| Complete 
| 275|0x0000000091300000, 0x0000000091400000, 0x0000000091400000|100%| E|CS|TAMS 0x0000000091300000, 0x0000000091300000| Complete 
| 276|0x0000000091400000, 0x0000000091500000, 0x0000000091500000|100%| E|CS|TAMS 0x0000000091400000, 0x0000000091400000| Complete 
| 277|0x0000000091500000, 0x0000000091600000, 0x0000000091600000|100%| E|CS|TAMS 0x0000000091500000, 0x0000000091500000| Complete 
| 278|0x0000000091600000, 0x0000000091700000, 0x0000000091700000|100%| E|CS|TAMS 0x0000000091600000, 0x0000000091600000| Complete 
| 279|0x0000000091700000, 0x0000000091800000, 0x0000000091800000|100%| E|CS|TAMS 0x0000000091700000, 0x0000000091700000| Complete 
| 280|0x0000000091800000, 0x0000000091900000, 0x0000000091900000|100%| E|CS|TAMS 0x0000000091800000, 0x0000000091800000| Complete 
| 281|0x0000000091900000, 0x0000000091a00000, 0x0000000091a00000|100%| E|CS|TAMS 0x0000000091900000, 0x0000000091900000| Complete 
| 282|0x0000000091a00000, 0x0000000091b00000, 0x0000000091b00000|100%| E|CS|TAMS 0x0000000091a00000, 0x0000000091a00000| Complete 
| 283|0x0000000091b00000, 0x0000000091c00000, 0x0000000091c00000|100%| E|CS|TAMS 0x0000000091b00000, 0x0000000091b00000| Complete 
| 284|0x0000000091c00000, 0x0000000091d00000, 0x0000000091d00000|100%| E|CS|TAMS 0x0000000091c00000, 0x0000000091c00000| Complete 
| 285|0x0000000091d00000, 0x0000000091e00000, 0x0000000091e00000|100%| E|CS|TAMS 0x0000000091d00000, 0x0000000091d00000| Complete 
| 286|0x0000000091e00000, 0x0000000091f00000, 0x0000000091f00000|100%| E|CS|TAMS 0x0000000091e00000, 0x0000000091e00000| Complete 
| 287|0x0000000091f00000, 0x0000000092000000, 0x0000000092000000|100%| E|CS|TAMS 0x0000000091f00000, 0x0000000091f00000| Complete 
| 288|0x0000000092000000, 0x0000000092100000, 0x0000000092100000|100%| E|CS|TAMS 0x0000000092000000, 0x0000000092000000| Complete 
| 289|0x0000000092100000, 0x0000000092200000, 0x0000000092200000|100%| E|CS|TAMS 0x0000000092100000, 0x0000000092100000| Complete 
| 290|0x0000000092200000, 0x0000000092300000, 0x0000000092300000|100%| E|CS|TAMS 0x0000000092200000, 0x0000000092200000| Complete 
| 291|0x0000000092300000, 0x0000000092400000, 0x0000000092400000|100%| E|CS|TAMS 0x0000000092300000, 0x0000000092300000| Complete 
| 292|0x0000000092400000, 0x0000000092500000, 0x0000000092500000|100%| E|CS|TAMS 0x0000000092400000, 0x0000000092400000| Complete 
| 293|0x0000000092500000, 0x0000000092600000, 0x0000000092600000|100%| E|CS|TAMS 0x0000000092500000, 0x0000000092500000| Complete 
| 294|0x0000000092600000, 0x0000000092700000, 0x0000000092700000|100%| E|CS|TAMS 0x0000000092600000, 0x0000000092600000| Complete 
| 295|0x0000000092700000, 0x0000000092800000, 0x0000000092800000|100%| E|CS|TAMS 0x0000000092700000, 0x0000000092700000| Complete 
| 296|0x0000000092800000, 0x0000000092900000, 0x0000000092900000|100%| E|CS|TAMS 0x0000000092800000, 0x0000000092800000| Complete 
| 297|0x0000000092900000, 0x0000000092a00000, 0x0000000092a00000|100%| E|CS|TAMS 0x0000000092900000, 0x0000000092900000| Complete 
| 298|0x0000000092a00000, 0x0000000092b00000, 0x0000000092b00000|100%| E|CS|TAMS 0x0000000092a00000, 0x0000000092a00000| Complete 
| 299|0x0000000092b00000, 0x0000000092c00000, 0x0000000092c00000|100%| E|CS|TAMS 0x0000000092b00000, 0x0000000092b00000| Complete 
| 300|0x0000000092c00000, 0x0000000092d00000, 0x0000000092d00000|100%| E|CS|TAMS 0x0000000092c00000, 0x0000000092c00000| Complete 
| 301|0x0000000092d00000, 0x0000000092e00000, 0x0000000092e00000|100%| E|CS|TAMS 0x0000000092d00000, 0x0000000092d00000| Complete 
| 302|0x0000000092e00000, 0x0000000092f00000, 0x0000000092f00000|100%| E|CS|TAMS 0x0000000092e00000, 0x0000000092e00000| Complete 
| 303|0x0000000092f00000, 0x0000000093000000, 0x0000000093000000|100%| E|CS|TAMS 0x0000000092f00000, 0x0000000092f00000| Complete 
| 304|0x0000000093000000, 0x0000000093100000, 0x0000000093100000|100%| E|CS|TAMS 0x0000000093000000, 0x0000000093000000| Complete 

Card table byte_map: [0x000001e4b3700000,0x000001e4b3b00000] _byte_map_base: 0x000001e4b3300000

Marking Bits (Prev, Next): (CMBitMap*) 0x000001e4a081cac0, (CMBitMap*) 0x000001e4a081ca88
 Prev Bits: [0x000001e4b5f00000, 0x000001e4b7f00000)
 Next Bits: [0x000001e4b3f00000, 0x000001e4b5f00000)

Polling page: 0x000001e49e6d0000

Metaspace:

Usage:
  Non-class:    122.31 MB capacity,   119.93 MB ( 98%) used,     1.89 MB (  2%) free+waste,   494.75 KB ( <1%) overhead. 
      Class:     18.81 MB capacity,    17.34 MB ( 92%) used,     1.26 MB (  7%) free+waste,   218.31 KB (  1%) overhead. 
       Both:    141.12 MB capacity,   137.27 MB ( 97%) used,     3.15 MB (  2%) free+waste,   713.06 KB ( <1%) overhead. 

Virtual space:
  Non-class space:      124.00 MB reserved,     122.51 MB ( 99%) committed 
      Class space:        1.00 GB reserved,      18.90 MB (  2%) committed 
             Both:        1.12 GB reserved,     141.41 MB ( 12%) committed 

Chunk freelists:
   Non-Class:  10.00 KB
       Class:  0 bytes
        Both:  10.00 KB

MaxMetaspaceSize: 17179869184.00 GB
CompressedClassSpaceSize: 1.00 GB
Initial GC threshold: 20.80 MB
Current GC threshold: 207.55 MB
CDS: off

CodeHeap 'non-profiled nmethods': size=120064Kb used=13982Kb max_used=14349Kb free=106081Kb
 bounds [0x000001e4abdc0000, 0x000001e4acbd0000, 0x000001e4b3300000]
CodeHeap 'profiled nmethods': size=120000Kb used=48107Kb max_used=48107Kb free=71892Kb
 bounds [0x000001e4a4890000, 0x000001e4a7790000, 0x000001e4abdc0000]
CodeHeap 'non-nmethods': size=5696Kb used=2502Kb max_used=2559Kb free=3193Kb
 bounds [0x000001e4a4300000, 0x000001e4a4590000, 0x000001e4a4890000]
 total_blobs=22144 nmethods=21101 adapters=954
 compilation: enabled
              stopped_count=0, restarted_count=0
 full_count=0

Compilation events (20 events):
Event: 2662.020 Thread 0x000001e4bad3e000 22726       2       com.android.tools.r8.dex.code.H0::<init> (109 bytes)
Event: 2662.021 Thread 0x000001e4bad3e000 nmethod 22726 0x000001e4a5787b10 code [0x000001e4a5787cc0, 0x000001e4a5787dd8]
Event: 2662.021 Thread 0x000001e4bad3e000 22727       2       com.android.tools.r8.dex.code.H0::hashCode (29 bytes)
Event: 2662.021 Thread 0x000001e4bad3e000 nmethod 22727 0x000001e4a5787790 code [0x000001e4a5787940, 0x000001e4a5787a88]
Event: 2662.041 Thread 0x000001e4bad3e000 22728       2       com.android.tools.r8.graph.a1$$Lambda$1760/0x0000000101175440::<init> (15 bytes)
Event: 2662.042 Thread 0x000001e4bad3e000 nmethod 22728 0x000001e4a5787390 code [0x000001e4a5787540, 0x000001e4a57876d8]
Event: 2662.058 Thread 0x000001e4bad3e000 22729       2       com.android.tools.r8.internal.oe$$Lambda$1891/0x00000001011d2040::compare (12 bytes)
Event: 2662.059 Thread 0x000001e4bad3e000 nmethod 22729 0x000001e4a5786d10 code [0x000001e4a5786f00, 0x000001e4a57871f8]
Event: 2662.059 Thread 0x000001e4bad3e000 22730       2       com.android.tools.r8.internal.oe::a (32 bytes)
Event: 2662.059 Thread 0x000001e4bad3e000 nmethod 22730 0x000001e4a5786790 code [0x000001e4a5786980, 0x000001e4a5786bb8]
Event: 2662.067 Thread 0x000001e4bad3e000 22732       1       com.android.tools.r8.internal.tE::U1 (2 bytes)
Event: 2662.068 Thread 0x000001e4bad3e000 nmethod 22732 0x000001e4ac76a810 code [0x000001e4ac76a9c0, 0x000001e4ac76aa78]
Event: 2662.073 Thread 0x000001e4bad3e000 22733 %     3       com.android.tools.r8.internal.Ro::e @ 12 (55 bytes)
Event: 2662.075 Thread 0x000001e4bad3e000 nmethod 22733% 0x000001e4a5785010 code [0x000001e4a57852e0, 0x000001e4a5786228]
Event: 2662.078 Thread 0x000001e4bad3e000 22734       2       com.android.tools.r8.dex.code.r3::<init> (7 bytes)
Event: 2662.078 Thread 0x000001e4bad3e000 nmethod 22734 0x000001e4a5784c90 code [0x000001e4a5784e40, 0x000001e4a5784f48]
Event: 2662.091 Thread 0x000001e4bad3e000 22735       2       com.android.tools.r8.internal.Zl::H (4 bytes)
Event: 2662.091 Thread 0x000001e4bad3e000 nmethod 22735 0x000001e4a4a7fd90 code [0x000001e4a4a7ff40, 0x000001e4a4a80018]
Event: 2662.093 Thread 0x000001e4bad3e000 22736       2       com.android.tools.r8.ir.regalloc.c::o (16 bytes)
Event: 2662.093 Thread 0x000001e4bad3e000 nmethod 22736 0x000001e4a5784890 code [0x000001e4a5784a40, 0x000001e4a5784b98]

GC Heap History (20 events):
Event: 2654.948 GC heap before
{Heap before GC invocations=97 (full 0):
 garbage-first heap   total 312320K, used 266693K [0x0000000080000000, 0x0000000100000000)
  region size 1024K, 50 young (51200K), 2 survivors (2048K)
 Metaspace       used 134670K, capacity 138215K, committed 138400K, reserved 1169408K
  class space    used 17147K, capacity 18488K, committed 18584K, reserved 1048576K
}
Event: 2654.967 GC heap after
{Heap after GC invocations=98 (full 0):
 garbage-first heap   total 312320K, used 222380K [0x0000000080000000, 0x0000000100000000)
  region size 1024K, 6 young (6144K), 6 survivors (6144K)
 Metaspace       used 134670K, capacity 138215K, committed 138400K, reserved 1169408K
  class space    used 17147K, capacity 18488K, committed 18584K, reserved 1048576K
}
Event: 2656.453 GC heap before
{Heap before GC invocations=98 (full 0):
 garbage-first heap   total 312320K, used 268460K [0x0000000080000000, 0x0000000100000000)
  region size 1024K, 51 young (52224K), 6 survivors (6144K)
 Metaspace       used 137083K, capacity 140793K, committed 140960K, reserved 1171456K
  class space    used 17411K, capacity 18823K, committed 18840K, reserved 1048576K
}
Event: 2656.470 GC heap after
{Heap after GC invocations=99 (full 0):
 garbage-first heap   total 312320K, used 223064K [0x0000000080000000, 0x0000000100000000)
  region size 1024K, 1 young (1024K), 1 survivors (1024K)
 Metaspace       used 137083K, capacity 140793K, committed 140960K, reserved 1171456K
  class space    used 17411K, capacity 18823K, committed 18840K, reserved 1048576K
}
Event: 2657.336 GC heap before
{Heap before GC invocations=99 (full 0):
 garbage-first heap   total 312320K, used 269144K [0x0000000080000000, 0x0000000100000000)
  region size 1024K, 47 young (48128K), 1 survivors (1024K)
 Metaspace       used 138415K, capacity 142237K, committed 142496K, reserved 1173504K
  class space    used 17598K, capacity 19063K, committed 19096K, reserved 1048576K
}
Event: 2657.342 GC heap after
{Heap after GC invocations=100 (full 0):
 garbage-first heap   total 312320K, used 223711K [0x0000000080000000, 0x0000000100000000)
  region size 1024K, 2 young (2048K), 2 survivors (2048K)
 Metaspace       used 138415K, capacity 142237K, committed 142496K, reserved 1173504K
  class space    used 17598K, capacity 19063K, committed 19096K, reserved 1048576K
}
Event: 2657.979 GC heap before
{Heap before GC invocations=100 (full 0):
 garbage-first heap   total 312320K, used 270815K [0x0000000080000000, 0x0000000100000000)
  region size 1024K, 48 young (49152K), 2 survivors (2048K)
 Metaspace       used 139289K, capacity 143131K, committed 143392K, reserved 1173504K
  class space    used 17668K, capacity 19141K, committed 19224K, reserved 1048576K
}
Event: 2657.988 GC heap after
{Heap after GC invocations=101 (full 0):
 garbage-first heap   total 312320K, used 223558K [0x0000000080000000, 0x0000000100000000)
  region size 1024K, 2 young (2048K), 2 survivors (2048K)
 Metaspace       used 139289K, capacity 143131K, committed 143392K, reserved 1173504K
  class space    used 17668K, capacity 19141K, committed 19224K, reserved 1048576K
}
Event: 2658.620 GC heap before
{Heap before GC invocations=101 (full 0):
 garbage-first heap   total 312320K, used 271686K [0x0000000080000000, 0x0000000100000000)
  region size 1024K, 49 young (50176K), 2 survivors (2048K)
 Metaspace       used 139803K, capacity 143685K, committed 144032K, reserved 1173504K
  class space    used 17728K, capacity 19236K, committed 19352K, reserved 1048576K
}
Event: 2658.627 GC heap after
{Heap after GC invocations=102 (full 0):
 garbage-first heap   total 312320K, used 224088K [0x0000000080000000, 0x0000000100000000)
  region size 1024K, 2 young (2048K), 2 survivors (2048K)
 Metaspace       used 139803K, capacity 143685K, committed 144032K, reserved 1173504K
  class space    used 17728K, capacity 19236K, committed 19352K, reserved 1048576K
}
Event: 2659.209 GC heap before
{Heap before GC invocations=102 (full 0):
 garbage-first heap   total 312320K, used 272216K [0x0000000080000000, 0x0000000100000000)
  region size 1024K, 49 young (50176K), 2 survivors (2048K)
 Metaspace       used 139909K, capacity 143843K, committed 144032K, reserved 1173504K
  class space    used 17732K, capacity 19243K, committed 19352K, reserved 1048576K
}
Event: 2659.221 GC heap after
{Heap after GC invocations=103 (full 0):
 garbage-first heap   total 312320K, used 223619K [0x0000000080000000, 0x0000000100000000)
  region size 1024K, 2 young (2048K), 2 survivors (2048K)
 Metaspace       used 139909K, capacity 143843K, committed 144032K, reserved 1173504K
  class space    used 17732K, capacity 19243K, committed 19352K, reserved 1048576K
}
Event: 2660.006 GC heap before
{Heap before GC invocations=103 (full 0):
 garbage-first heap   total 312320K, used 272771K [0x0000000080000000, 0x0000000100000000)
  region size 1024K, 50 young (51200K), 2 survivors (2048K)
 Metaspace       used 140020K, capacity 143992K, committed 144288K, reserved 1175552K
  class space    used 17733K, capacity 19245K, committed 19352K, reserved 1048576K
}
Event: 2660.015 GC heap after
{Heap after GC invocations=104 (full 0):
 garbage-first heap   total 312320K, used 224088K [0x0000000080000000, 0x0000000100000000)
  region size 1024K, 2 young (2048K), 2 survivors (2048K)
 Metaspace       used 140020K, capacity 143992K, committed 144288K, reserved 1175552K
  class space    used 17733K, capacity 19245K, committed 19352K, reserved 1048576K
}
Event: 2660.607 GC heap before
{Heap before GC invocations=104 (full 0):
 garbage-first heap   total 312320K, used 274264K [0x0000000080000000, 0x0000000100000000)
  region size 1024K, 51 young (52224K), 2 survivors (2048K)
 Metaspace       used 140187K, capacity 144093K, committed 144288K, reserved 1175552K
  class space    used 17740K, capacity 19251K, committed 19352K, reserved 1048576K
}
Event: 2660.622 GC heap after
{Heap after GC invocations=105 (full 0):
 garbage-first heap   total 312320K, used 228055K [0x0000000080000000, 0x0000000100000000)
  region size 1024K, 6 young (6144K), 6 survivors (6144K)
 Metaspace       used 140187K, capacity 144093K, committed 144288K, reserved 1175552K
  class space    used 17740K, capacity 19251K, committed 19352K, reserved 1048576K
}
Event: 2661.252 GC heap before
{Heap before GC invocations=105 (full 0):
 garbage-first heap   total 312320K, used 273111K [0x0000000080000000, 0x0000000100000000)
  region size 1024K, 50 young (51200K), 6 survivors (6144K)
 Metaspace       used 140304K, capacity 144258K, committed 144544K, reserved 1175552K
  class space    used 17743K, capacity 19256K, committed 19352K, reserved 1048576K
}
Event: 2661.270 GC heap after
{Heap after GC invocations=106 (full 0):
 garbage-first heap   total 312320K, used 227783K [0x0000000080000000, 0x0000000100000000)
  region size 1024K, 1 young (1024K), 1 survivors (1024K)
 Metaspace       used 140304K, capacity 144258K, committed 144544K, reserved 1175552K
  class space    used 17743K, capacity 19256K, committed 19352K, reserved 1048576K
}
Event: 2661.862 GC heap before
{Heap before GC invocations=106 (full 0):
 garbage-first heap   total 312320K, used 271815K [0x0000000080000000, 0x0000000100000000)
  region size 1024K, 45 young (46080K), 1 survivors (1024K)
 Metaspace       used 140340K, capacity 144266K, committed 144544K, reserved 1175552K
  class space    used 17744K, capacity 19257K, committed 19352K, reserved 1048576K
}
Event: 2661.873 GC heap after
{Heap after GC invocations=107 (full 0):
 garbage-first heap   total 312320K, used 230748K [0x0000000080000000, 0x0000000100000000)
  region size 1024K, 4 young (4096K), 4 survivors (4096K)
 Metaspace       used 140340K, capacity 144266K, committed 144544K, reserved 1175552K
  class space    used 17744K, capacity 19257K, committed 19352K, reserved 1048576K
}

Deoptimization events (20 events):
Event: 2661.433 Thread 0x000001e4bd5c9000 DEOPT PACKING pc=0x000001e4a4f395dc sp=0x000000812b1feab0
Event: 2661.433 Thread 0x000001e4bd5c9000 DEOPT UNPACKING pc=0x000001e4a434a95e sp=0x000000812b1fe080 mode 0
Event: 2661.437 Thread 0x000001e4c3008800 DEOPT PACKING pc=0x000001e4a6d36a0c sp=0x000000812a6fce00
Event: 2661.437 Thread 0x000001e4c3008800 DEOPT UNPACKING pc=0x000001e4a434a95e sp=0x000000812a6fc278 mode 0
Event: 2661.437 Thread 0x000001e4c3008800 DEOPT PACKING pc=0x000001e4a6cdd85c sp=0x000000812a6fd2f0
Event: 2661.437 Thread 0x000001e4c3008800 DEOPT UNPACKING pc=0x000001e4a434a95e sp=0x000000812a6fc8c0 mode 0
Event: 2661.437 Thread 0x000001e4c3008800 DEOPT PACKING pc=0x000001e4a4f395dc sp=0x000000812a6fed10
Event: 2661.437 Thread 0x000001e4c3008800 DEOPT UNPACKING pc=0x000001e4a434a95e sp=0x000000812a6fe2e0 mode 0
Event: 2661.445 Thread 0x000001e4bd640800 DEOPT PACKING pc=0x000001e4a4f395dc sp=0x000000812bbfee10
Event: 2661.446 Thread 0x000001e4bd640800 DEOPT UNPACKING pc=0x000001e4a434a95e sp=0x000000812bbfe3e0 mode 0
Event: 2661.448 Thread 0x000001e4bd5cb800 DEOPT PACKING pc=0x000001e4a4f395dc sp=0x000000812b7ff250
Event: 2661.448 Thread 0x000001e4bd5cb800 DEOPT UNPACKING pc=0x000001e4a434a95e sp=0x000000812b7fe820 mode 0
Event: 2661.497 Thread 0x000001e4bd64b000 DEOPT PACKING pc=0x000001e4a4f395dc sp=0x000000812c3fef50
Event: 2661.497 Thread 0x000001e4bd64b000 DEOPT UNPACKING pc=0x000001e4a434a95e sp=0x000000812c3fe520 mode 0
Event: 2661.503 Thread 0x000001e4bd5c5800 DEOPT PACKING pc=0x000001e4a4f395dc sp=0x000000812b8feea0
Event: 2661.503 Thread 0x000001e4bd5c5800 DEOPT UNPACKING pc=0x000001e4a434a95e sp=0x000000812b8fe470 mode 0
Event: 2661.509 Thread 0x000001e4bd647800 DEOPT PACKING pc=0x000001e4a4f395dc sp=0x000000812c6fec70
Event: 2661.509 Thread 0x000001e4bd647800 DEOPT UNPACKING pc=0x000001e4a434a95e sp=0x000000812c6fe240 mode 0
Event: 2661.943 Thread 0x000001e4c537e000 DEOPT PACKING pc=0x000001e4a7460ab4 sp=0x000000812cdf5d60
Event: 2661.943 Thread 0x000001e4c537e000 DEOPT UNPACKING pc=0x000001e4a434a95e sp=0x000000812cdf5228 mode 0

Classes redefined (0 events):
No events

Internal exceptions (20 events):
Event: 2656.708 Thread 0x000001e4bd5c3000 Exception <a 'java/lang/NoSuchMethodError'{0x000000009286c8f8}: 'void java.lang.invoke.DirectMethodHandle$Holder.invokeStatic(java.lang.Object, java.lang.Object, java.lang.Object, java.lang.Object, java.lang.Object, java.lang.Object, java.lang.Object, java.lang.Object)'> (0x000000009286c8f8) thrown at [src/hotspot/share/interpreter/linkResolver.cpp, line 773]
Event: 2656.729 Thread 0x000001e4bd5c3000 Implicit null exception at 0x000001e4acb1c66f to 0x000001e4acb1c774
Event: 2657.661 Thread 0x000001e4bd5c3000 Exception <a 'java/lang/IncompatibleClassChangeError'{0x000000009180bc88}: Found class java.lang.Object, but interface was expected> (0x000000009180bc88) thrown at [src/hotspot/share/interpreter/linkResolver.cpp, line 839]
Event: 2658.104 Thread 0x000001e4bd5c3000 Exception <a 'java/lang/NoSuchMethodError'{0x0000000092889048}: 'void java.lang.invoke.DirectMethodHandle$Holder.invokeSpecial(java.lang.Object, java.lang.Object, int)'> (0x0000000092889048) thrown at [src/hotspot/share/interpreter/linkResolver.cpp, line 773]
Event: 2658.242 Thread 0x000001e4bd5c3000 Exception <a 'sun/nio/fs/WindowsException'{0x0000000091e43a60}> (0x0000000091e43a60) thrown at [src/hotspot/share/prims/jni.cpp, line 617]
Event: 2658.410 Thread 0x000001e4bd63e000 Implicit null exception at 0x000001e4acb36e6f to 0x000001e4acb36fb0
Event: 2658.419 Thread 0x000001e4bd63e000 Exception <a 'java/lang/NoSuchMethodError'{0x0000000090ebd7a8}: 'java.lang.Object java.lang.invoke.DirectMethodHandle$Holder.invokeSpecial(java.lang.Object, java.lang.Object, int, java.lang.Object, java.lang.Object)'> (0x0000000090ebd7a8) thrown at [src/hotspot/share/interpreter/linkResolver.cpp, line 773]
Event: 2658.724 Thread 0x000001e4bd63e000 Exception <a 'sun/nio/fs/WindowsException'{0x0000000093080830}> (0x0000000093080830) thrown at [src/hotspot/share/prims/jni.cpp, line 617]
Event: 2658.903 Thread 0x000001e4bd5c3000 Exception <a 'sun/nio/fs/WindowsException'{0x0000000092312260}> (0x0000000092312260) thrown at [src/hotspot/share/prims/jni.cpp, line 617]
Event: 2659.102 Thread 0x000001e4bd5c3000 Exception <a 'sun/nio/fs/WindowsException'{0x0000000090ea6890}> (0x0000000090ea6890) thrown at [src/hotspot/share/prims/jni.cpp, line 617]
Event: 2659.164 Thread 0x000001e4bd5c3000 Implicit null exception at 0x000001e4ac3533a0 to 0x000001e4ac353b14
Event: 2659.576 Thread 0x000001e4bd5c3000 Exception <a 'sun/nio/fs/WindowsException'{0x0000000091b18230}> (0x0000000091b18230) thrown at [src/hotspot/share/prims/jni.cpp, line 617]
Event: 2659.827 Thread 0x000001e4bd5c3000 Exception <a 'sun/nio/fs/WindowsException'{0x0000000090eb0848}> (0x0000000090eb0848) thrown at [src/hotspot/share/prims/jni.cpp, line 617]
Event: 2660.087 Thread 0x000001e4bd63e000 Exception <a 'sun/nio/fs/WindowsException'{0x00000000927f6160}> (0x00000000927f6160) thrown at [src/hotspot/share/prims/jni.cpp, line 617]
Event: 2660.108 Thread 0x000001e4c537e000 Exception <a 'java/lang/NoSuchMethodError'{0x0000000092ae8838}: 'int java.lang.invoke.DirectMethodHandle$Holder.invokeInterface(java.lang.Object, java.lang.Object, int)'> (0x0000000092ae8838) thrown at [src/hotspot/share/interpreter/linkResolver.cpp, line 773]
Event: 2660.652 Thread 0x000001e4bd5c3000 Exception <a 'sun/nio/fs/WindowsException'{0x0000000092bff910}> (0x0000000092bff910) thrown at [src/hotspot/share/prims/jni.cpp, line 617]
Event: 2660.676 Thread 0x000001e4bd5c3000 Exception <a 'sun/nio/fs/WindowsException'{0x00000000929ea3c0}> (0x00000000929ea3c0) thrown at [src/hotspot/share/prims/jni.cpp, line 617]
Event: 2660.914 Thread 0x000001e4c3008800 Exception <a 'sun/nio/fs/WindowsException'{0x0000000091c4ba10}> (0x0000000091c4ba10) thrown at [src/hotspot/share/prims/jni.cpp, line 617]
Event: 2661.552 Thread 0x000001e4c5381800 Exception <a 'sun/nio/fs/WindowsException'{0x0000000091f9f028}> (0x0000000091f9f028) thrown at [src/hotspot/share/prims/jni.cpp, line 617]
Event: 2661.829 Thread 0x000001e4bd649800 Exception <a 'sun/nio/fs/WindowsException'{0x0000000090967948}> (0x0000000090967948) thrown at [src/hotspot/share/prims/jni.cpp, line 617]

Events (20 events):
Event: 2660.854 loading class com/android/tools/r8/internal/b8 done
Event: 2661.252 Executing VM operation: G1CollectForAllocation
Event: 2661.270 Executing VM operation: G1CollectForAllocation done
Event: 2661.521 loading class com/android/tools/r8/internal/FH
Event: 2661.521 loading class com/android/tools/r8/internal/FH done
Event: 2661.521 loading class com/android/tools/r8/internal/FH
Event: 2661.521 loading class com/android/tools/r8/internal/FH done
Event: 2661.851 Executing VM operation: G1CollectForAllocation
Event: 2661.873 Executing VM operation: G1CollectForAllocation done
Event: 2662.014 loading class com/android/tools/r8/dex/code/X3
Event: 2662.014 loading class com/android/tools/r8/dex/code/X3 done
Event: 2662.015 loading class com/android/tools/r8/dex/code/a4
Event: 2662.015 loading class com/android/tools/r8/dex/code/a4 done
Event: 2662.016 loading class com/android/tools/r8/dex/code/Z3
Event: 2662.016 loading class com/android/tools/r8/dex/code/Z3 done
Event: 2662.016 loading class com/android/tools/r8/dex/code/b4
Event: 2662.016 loading class com/android/tools/r8/dex/code/b4 done
Event: 2662.017 loading class com/android/tools/r8/dex/code/Y3
Event: 2662.017 loading class com/android/tools/r8/dex/code/Y3 done
Event: 2662.096 Executing VM operation: G1CollectForAllocation


Dynamic libraries:
0x00007ff6fbaf0000 - 0x00007ff6fbafa000 	C:\Program Files\Android\Android Studio2\jbr\bin\java.exe
0x00007fffcbad0000 - 0x00007fffcbcc8000 	C:\WINDOWS\SYSTEM32\ntdll.dll
0x00007fffcb780000 - 0x00007fffcb841000 	C:\WINDOWS\System32\KERNEL32.DLL
0x00007fffc93c0000 - 0x00007fffc96bd000 	C:\WINDOWS\System32\KERNELBASE.dll
0x00007fffc9870000 - 0x00007fffc9970000 	C:\WINDOWS\System32\ucrtbase.dll
0x00007fffc07f0000 - 0x00007fffc0807000 	C:\Program Files\Android\Android Studio2\jbr\bin\jli.dll
0x00007fffc9b00000 - 0x00007fffc9c9d000 	C:\WINDOWS\System32\USER32.dll
0x00007fffc99a0000 - 0x00007fffc99c2000 	C:\WINDOWS\System32\win32u.dll
0x00007fffca470000 - 0x00007fffca49b000 	C:\WINDOWS\System32\GDI32.dll
0x00007fffc92a0000 - 0x00007fffc93b7000 	C:\WINDOWS\System32\gdi32full.dll
0x00007fffc99d0000 - 0x00007fffc9a6d000 	C:\WINDOWS\System32\msvcp_win.dll
0x00007fffc0660000 - 0x00007fffc067b000 	C:\Program Files\Android\Android Studio2\jbr\bin\VCRUNTIME140.dll
0x00007fffb73d0000 - 0x00007fffb766a000 	C:\WINDOWS\WinSxS\amd64_microsoft.windows.common-controls_6595b64144ccf1df_6.0.19041.4355_none_60b8b9eb71f62e16\COMCTL32.dll
0x00007fffcb390000 - 0x00007fffcb42e000 	C:\WINDOWS\System32\msvcrt.dll
0x00007fffcb9e0000 - 0x00007fffcba0f000 	C:\WINDOWS\System32\IMM32.DLL
0x00007fffc0b50000 - 0x00007fffc0b5c000 	C:\Program Files\Android\Android Studio2\jbr\bin\vcruntime140_1.dll
0x00007fff9f5b0000 - 0x00007fff9f63d000 	C:\Program Files\Android\Android Studio2\jbr\bin\msvcp140.dll
0x00007fff7dd20000 - 0x00007fff7e8dc000 	C:\Program Files\Android\Android Studio2\jbr\bin\server\jvm.dll
0x00007fffcb520000 - 0x00007fffcb5d0000 	C:\WINDOWS\System32\ADVAPI32.dll
0x00007fffcab30000 - 0x00007fffcabd0000 	C:\WINDOWS\System32\sechost.dll
0x00007fffca570000 - 0x00007fffca693000 	C:\WINDOWS\System32\RPCRT4.dll
0x00007fffc9970000 - 0x00007fffc9997000 	C:\WINDOWS\System32\bcrypt.dll
0x00007fffcb510000 - 0x00007fffcb518000 	C:\WINDOWS\System32\PSAPI.DLL
0x00007fffbd460000 - 0x00007fffbd469000 	C:\WINDOWS\SYSTEM32\WSOCK32.dll
0x00007fffcb8c0000 - 0x00007fffcb92b000 	C:\WINDOWS\System32\WS2_32.dll
0x00007fffb73a0000 - 0x00007fffb73c7000 	C:\WINDOWS\SYSTEM32\WINMM.dll
0x00007fffbd9f0000 - 0x00007fffbd9fa000 	C:\WINDOWS\SYSTEM32\VERSION.dll
0x00007fffc79b0000 - 0x00007fffc79c2000 	C:\WINDOWS\SYSTEM32\kernel.appcore.dll
0x00007fffc37e0000 - 0x00007fffc37f0000 	C:\Program Files\Android\Android Studio2\jbr\bin\verify.dll
0x00007fffc6e70000 - 0x00007fffc7054000 	C:\WINDOWS\SYSTEM32\DBGHELP.DLL
0x00007fffbf4f0000 - 0x00007fffbf524000 	C:\WINDOWS\SYSTEM32\dbgcore.DLL
0x00007fffc9a70000 - 0x00007fffc9af2000 	C:\WINDOWS\System32\bcryptPrimitives.dll
0x00007fffc31e0000 - 0x00007fffc3208000 	C:\Program Files\Android\Android Studio2\jbr\bin\java.dll
0x00007fffc37a0000 - 0x00007fffc37aa000 	C:\Program Files\Android\Android Studio2\jbr\bin\jimage.dll
0x00007fffc0b30000 - 0x00007fffc0b48000 	C:\Program Files\Android\Android Studio2\jbr\bin\zip.dll
0x00007fffc9ca0000 - 0x00007fffca40f000 	C:\WINDOWS\System32\SHELL32.dll
0x00007fffc7060000 - 0x00007fffc7803000 	C:\WINDOWS\SYSTEM32\windows.storage.dll
0x00007fffca7d0000 - 0x00007fffcab23000 	C:\WINDOWS\System32\combase.dll
0x00007fffc8a00000 - 0x00007fffc8a2e000 	C:\WINDOWS\SYSTEM32\Wldp.dll
0x00007fffca4a0000 - 0x00007fffca56d000 	C:\WINDOWS\System32\OLEAUT32.dll
0x00007fffcad70000 - 0x00007fffcae1d000 	C:\WINDOWS\System32\SHCORE.dll
0x00007fffcb860000 - 0x00007fffcb8b5000 	C:\WINDOWS\System32\shlwapi.dll
0x00007fffc90b0000 - 0x00007fffc90d4000 	C:\WINDOWS\SYSTEM32\profapi.dll
0x00007fffc0b10000 - 0x00007fffc0b29000 	C:\Program Files\Android\Android Studio2\jbr\bin\net.dll
0x00007fffc10a0000 - 0x00007fffc11ad000 	C:\WINDOWS\SYSTEM32\WINHTTP.dll
0x00007fffc87e0000 - 0x00007fffc884a000 	C:\WINDOWS\system32\mswsock.dll
0x00007fffc0af0000 - 0x00007fffc0b03000 	C:\Program Files\Android\Android Studio2\jbr\bin\nio.dll
0x00007fffa6780000 - 0x00007fffa67a7000 	D:\Android\GRADLE\USER\native\e1d6ef7f7dcc3fd88c89a11ec53ec762bb8ba0a96d01ffa2cd45eb1d1d8dd5c5\windows-amd64\native-platform.dll
0x00007fff958c0000 - 0x00007fff95a04000 	D:\Android\GRADLE\USER\native\0d407fdbe67a94daf76414ababcb853783967236a71b16ec16e742cd7a986fd3\windows-amd64\native-platform-file-events.dll
0x00007fffc3790000 - 0x00007fffc379a000 	C:\Program Files\Android\Android Studio2\jbr\bin\management.dll
0x00007fffc34b0000 - 0x00007fffc34bb000 	C:\Program Files\Android\Android Studio2\jbr\bin\management_ext.dll
0x00007fffc8db0000 - 0x00007fffc8dc8000 	C:\WINDOWS\SYSTEM32\CRYPTSP.dll
0x00007fffc8120000 - 0x00007fffc8154000 	C:\WINDOWS\system32\rsaenh.dll
0x00007fffc9030000 - 0x00007fffc905e000 	C:\WINDOWS\SYSTEM32\USERENV.dll
0x00007fffc8970000 - 0x00007fffc897c000 	C:\WINDOWS\SYSTEM32\CRYPTBASE.dll
0x00007fffc84e0000 - 0x00007fffc851b000 	C:\WINDOWS\SYSTEM32\IPHLPAPI.DLL
0x00007fffcb850000 - 0x00007fffcb858000 	C:\WINDOWS\System32\NSI.dll
0x00007fffc1bc0000 - 0x00007fffc1bd7000 	C:\WINDOWS\SYSTEM32\dhcpcsvc6.DLL
0x00007fffc17e0000 - 0x00007fffc17fd000 	C:\WINDOWS\SYSTEM32\dhcpcsvc.DLL
0x00007fffc8520000 - 0x00007fffc85ea000 	C:\WINDOWS\SYSTEM32\DNSAPI.dll
0x00007fffc0a00000 - 0x00007fffc0a27000 	C:\Program Files\Android\Android Studio2\jbr\bin\sunec.dll
0x00007fffbf310000 - 0x00007fffbf31a000 	C:\Windows\System32\rasadhlp.dll
0x00007fffc8370000 - 0x00007fffc83a3000 	C:\WINDOWS\SYSTEM32\ntmarta.dll
0x00007fffc0340000 - 0x00007fffc0357000 	C:\WINDOWS\system32\napinsp.dll
0x00007fffc0480000 - 0x00007fffc049b000 	C:\WINDOWS\system32\pnrpnsp.dll
0x00007fffc2ea0000 - 0x00007fffc2eb5000 	C:\WINDOWS\system32\wshbth.dll
0x00007fffc1ca0000 - 0x00007fffc1cbd000 	C:\WINDOWS\system32\NLAapi.dll
0x00007fffc27d0000 - 0x00007fffc27e2000 	C:\WINDOWS\System32\winrnr.dll
0x00007fffc03f0000 - 0x00007fffc0470000 	C:\WINDOWS\System32\fwpuclnt.dll

dbghelp: loaded successfully - version: 4.0.5 - missing functions: none
symbol engine: initialized successfully - sym options: 0x614 - pdb path: .;C:\Program Files\Android\Android Studio2\jbr\bin;C:\WINDOWS\SYSTEM32;C:\WINDOWS\WinSxS\amd64_microsoft.windows.common-controls_6595b64144ccf1df_6.0.19041.4355_none_60b8b9eb71f62e16;C:\Program Files\Android\Android Studio2\jbr\bin\server;D:\Android\GRADLE\USER\native\e1d6ef7f7dcc3fd88c89a11ec53ec762bb8ba0a96d01ffa2cd45eb1d1d8dd5c5\windows-amd64;D:\Android\GRADLE\USER\native\0d407fdbe67a94daf76414ababcb853783967236a71b16ec16e742cd7a986fd3\windows-amd64

VM Arguments:
jvm_args: --add-opens=java.base/java.util=ALL-UNNAMED --add-opens=java.base/java.lang=ALL-UNNAMED --add-opens=java.base/java.lang.invoke=ALL-UNNAMED --add-opens=java.base/java.util=ALL-UNNAMED --add-opens=java.prefs/java.util.prefs=ALL-UNNAMED --add-opens=java.prefs/java.util.prefs=ALL-UNNAMED --add-opens=java.base/java.nio.charset=ALL-UNNAMED --add-opens=java.base/java.net=ALL-UNNAMED --add-opens=java.base/java.util.concurrent.atomic=ALL-UNNAMED -Xmx2048m -Dfile.encoding=UTF-8 -Duser.country=RU -Duser.language=ru -Duser.variant 
java_command: org.gradle.launcher.daemon.bootstrap.GradleDaemon 7.5
java_class_path (initial): D:\Android\GRADLE\USER\wrapper\dists\gradle-7.5-bin\f1w0cc9nuo0eivz97x2xlu9sv\gradle-7.5\lib\gradle-launcher-7.5.jar
Launcher Type: SUN_STANDARD

[Global flags]
     intx CICompilerCount                          = 3                                         {product} {ergonomic}
     uint ConcGCThreads                            = 1                                         {product} {ergonomic}
     uint G1ConcRefinementThreads                  = 4                                         {product} {ergonomic}
   size_t G1HeapRegionSize                         = 1048576                                   {product} {ergonomic}
    uintx GCDrainStackTargetSize                   = 64                                        {product} {ergonomic}
   size_t InitialHeapSize                          = 266338304                                 {product} {ergonomic}
   size_t MarkStackSize                            = 4194304                                   {product} {ergonomic}
   size_t MaxHeapSize                              = 2147483648                                {product} {command line}
   size_t MaxNewSize                               = 1287651328                                {product} {ergonomic}
   size_t MinHeapDeltaBytes                        = 1048576                                   {product} {ergonomic}
    uintx NonNMethodCodeHeapSize                   = 5830732                                {pd product} {ergonomic}
    uintx NonProfiledCodeHeapSize                  = 122913754                              {pd product} {ergonomic}
    uintx ProfiledCodeHeapSize                     = 122913754                              {pd product} {ergonomic}
    uintx ReservedCodeCacheSize                    = 251658240                              {pd product} {ergonomic}
     bool SegmentedCodeCache                       = true                                      {product} {ergonomic}
     bool UseCompressedClassPointers               = true                                 {lp64_product} {ergonomic}
     bool UseCompressedOops                        = true                                 {lp64_product} {ergonomic}
     bool UseG1GC                                  = true                                      {product} {ergonomic}
     bool UseLargePagesIndividualAllocation        = false                                  {pd product} {ergonomic}

Logging:
Log output configuration:
 #0: stdout all=warning uptime,level,tags
 #1: stderr all=off uptime,level,tags

Environment Variables:
JAVA_HOME=D:\Java\jdk
PATH=D:\Python39\Scripts\;D:\Python39\;C:\Program Files\Common Files\Oracle\Java\javapath;C:\ProgramData\Oracle\Java\javapath;C:\WINDOWS\system32;C:\WINDOWS;C:\WINDOWS\System32\Wbem;C:\WINDOWS\System32\WindowsPowerShell\v1.0\;C:\Program Files\Java\jdk1.8.0_144\bin;C:\WINDOWS\System32\OpenSSH\;C:\sqlite;C:\Program Files\Git\cmd;D:\Android\GRADLE\gradle-8.2.1\bin;D:\Android\GRADLE\gradle-8.2.1\bin;D:\Java\jdk\corretto-17.0.7\bin;C:\Program Files (x86)\Google\Cloud SDK\google-cloud-sdk\bin;%NDROID_HOME%\tools;C:\Users\naumo\AppData\Local\Microsoft\WindowsApps;C:\Users\naumo\AppData\Local\Microsoft\WindowsApps;C:\Users\naumo\AppData\Local\Programs\Python\Python39;D:\flutter\bin
USERNAME=Evgeniy
OS=Windows_NT
PROCESSOR_IDENTIFIER=Intel64 Family 6 Model 78 Stepping 3, GenuineIntel



---------------  S Y S T E M  ---------------

OS: Windows 10 , 64 bit Build 19041 (10.0.19041.4842)
OS uptime: 17 days 1:01 hours
Hyper-V role detected

CPU:total 4 (initial active 4) (2 cores per cpu, 2 threads per core) family 6 model 78 stepping 3 microcode 0xcc, cmov, cx8, fxsr, mmx, sse, sse2, sse3, ssse3, sse4.1, sse4.2, popcnt, avx, avx2, aes, clmul, erms, 3dnowpref, lzcnt, ht, tsc, tscinvbit, bmi1, bmi2, adx, fma

Memory: 4k page, system-wide physical 16168M (6605M free)
TotalPageFile size 21972M (AvailPageFile size 3122M)
current process WorkingSet (physical memory assigned to process): 695M, peak: 703M
current process commit charge ("private bytes"): 734M, peak: 746M

vm_info: OpenJDK 64-Bit Server VM (11.0.15+0-b2043.56-9505619) for windows-amd64 JRE (11.0.15+0-b2043.56-9505619), built on Jan 19 2023 02:48:00 by "builduser" with unknown MS VC++:1929

END.
